分类: 央视频道, 名称: CCTV1, 有效: 0, IPv4: 5, IPv6: 0, 最小延迟: 3880 ms, 最高速率: 1.61 M/s, 平均速率: 0.00 M/s, 最高分辨率: 720x576, 平均帧率: 37.50, 视频编解码器: mpeg2video, 音频编解码器: mp2
分类: 央视频道, 名称: CCTV2, 有效: 1, IPv4: 5, IPv6: 0, 最小延迟: 3442 ms, 最高速率: 1.55 M/s, 平均速率: 1.55 M/s, 最高分辨率: 1920x1080, 平均帧率: 41.67, 视频编解码器: h264, 音频编解码器: mp2
分类: 央视频道, 名称: CCTV3, 有效: 1, IPv4: 5, IPv6: 0, 最小延迟: 3452 ms, 最高速率: 1.66 M/s, 平均速率: 1.66 M/s, 最高分辨率: 1920x1080, 平均帧率: 50.00, 视频编解码器: h264, 音频编解码器: ac3
分类: 央视频道, 名称: CCTV4, 有效: 1, IPv4: 5, IPv6: 0, 最小延迟: 261 ms, 最高速率: 1.60 M/s, 平均速率: 1.60 M/s, 最高分辨率: 1280x720, 平均帧率: 37.50, 视频编解码器: h264, 音频编解码器: aac
分类: 央视频道, 名称: CCTV5, 有效: 1, IPv4: 5, IPv6: 0, 最小延迟: 3514 ms, 最高速率: 1.45 M/s, 平均速率: 1.45 M/s, 最高分辨率: 1920x1080, 平均帧率: 50.00, 视频编解码器: h264, 音频编解码器: ac3
分类: 央视频道, 名称: CCTV5+, 有效: 1, IPv4: 5, IPv6: 0, 最小延迟: 10003 ms, 最高速率: 0.82 M/s, 平均速率: 0.82 M/s, 最高分辨率: 1920x1080, 平均帧率: 50.00, 视频编解码器: h264, 音频编解码器: ac3
分类: 央视频道, 名称: CCTV6, 有效: 1, IPv4: 4, IPv6: 0, 最小延迟: 3748 ms, 最高速率: 1.66 M/s, 平均速率: 1.66 M/s, 最高分辨率: 1920x1080, 平均帧率: 50.00, 视频编解码器: h264, 音频编解码器: ac3
分类: 央视频道, 名称: CCTV7, 有效: 1, IPv4: 5, IPv6: 0, 最小延迟: 3305 ms, 最高速率: 1.55 M/s, 平均速率: 1.55 M/s, 最高分辨率: 1920x1080, 平均帧率: 50.00, 视频编解码器: h264, 音频编解码器: ac3
分类: 央视频道, 名称: CCTV8, 有效: 1, IPv4: 5, IPv6: 0, 最小延迟: 305 ms, 最高速率: 1.78 M/s, 平均速率: 1.78 M/s, 最高分辨率: 1920x1080, 平均帧率: 50.00, 视频编解码器: h264, 音频编解码器: ac3
分类: 央视频道, 名称: CCTV9, 有效: 2, IPv4: 5, IPv6: 0, 最小延迟: 383 ms, 最高速率: 5.28 M/s, 平均速率: 3.37 M/s, 最高分辨率: 1920x1080, 平均帧率: 41.67, 视频编解码器: h264, 音频编解码器: aac
分类: 央视频道, 名称: CCTV10, 有效: 1, IPv4: 4, IPv6: 0, 最小延迟: 3565 ms, 最高速率: 1.81 M/s, 平均速率: 1.81 M/s, 最高分辨率: 1920x1080, 平均帧率: 50.00, 视频编解码器: h264, 音频编解码器: mp2
分类: 央视频道, 名称: CCTV11, 有效: 1, IPv4: 4, IPv6: 0, 最小延迟: 3333 ms, 最高速率: 1.74 M/s, 平均速率: 1.74 M/s, 最高分辨率: 1920x1080, 平均帧率: 50.00, 视频编解码器: h264, 音频编解码器: ac3
分类: 央视频道, 名称: CCTV12, 有效: 1, IPv4: 4, IPv6: 0, 最小延迟: 3220 ms, 最高速率: 1.73 M/s, 平均速率: 1.73 M/s, 最高分辨率: 1920x1080, 平均帧率: 50.00, 视频编解码器: h264, 音频编解码器: ac3
分类: 央视频道, 名称: CCTV13, 有效: 1, IPv4: 4, IPv6: 0, 最小延迟: 3218 ms, 最高速率: 1.59 M/s, 平均速率: 1.59 M/s, 最高分辨率: 1920x1080, 平均帧率: 50.00, 视频编解码器: h264, 音频编解码器: ac3
分类: 央视频道, 名称: CCTV14, 有效: 1, IPv4: 4, IPv6: 0, 最小延迟: 3468 ms, 最高速率: 1.76 M/s, 平均速率: 1.76 M/s, 最高分辨率: 1920x1080, 平均帧率: 50.00, 视频编解码器: h264, 音频编解码器: ac3
分类: 央视频道, 名称: CCTV16, 有效: 0, IPv4: 4, IPv6: 0, 最小延迟: 10022 ms, 最高速率: 0.06 M/s, 平均速率: 0.00 M/s, 最高分辨率: None, 平均帧率: 未知, 视频编解码器: 未知, 音频编解码器: 未知
分类: 央视频道, 名称: CCTV15, 有效: 1, IPv4: 5, IPv6: 0, 最小延迟: 3073 ms, 最高速率: 0.87 M/s, 平均速率: 0.87 M/s, 最高分辨率: 1920x1080, 平均帧率: 50.00, 视频编解码器: h264, 音频编解码器: ac3
分类: 央视频道, 名称: CCTV央视台球, 有效: 1, IPv4: 1, IPv6: 0, 最小延迟: 715 ms, 最高速率: 7.31 M/s, 平均速率: 7.31 M/s, 最高分辨率: 1920x1080, 平均帧率: 25.00, 视频编解码器: h264, 音频编解码器: aac
分类: 央视频道, 名称: CCTV女性时尚, 有效: 1, IPv4: 2, IPv6: 0, 最小延迟: 518 ms, 最高速率: 8.66 M/s, 平均速率: 8.66 M/s, 最高分辨率: 1920x1080, 平均帧率: 25.00, 视频编解码器: h264, 音频编解码器: aac
分类: 央视频道, 名称: CCTV第一剧场, 有效: 1, IPv4: 1, IPv6: 0, 最小延迟: 502 ms, 最高速率: 7.73 M/s, 平均速率: 7.73 M/s, 最高分辨率: 1920x1080, 平均帧率: 25.00, 视频编解码器: h264, 音频编解码器: aac
分类: 央视频道, 名称: CCTV怀旧剧场, 有效: 1, IPv4: 1, IPv6: 0, 最小延迟: 844 ms, 最高速率: 5.77 M/s, 平均速率: 5.77 M/s, 最高分辨率: 1920x1080, 平均帧率: 25.00, 视频编解码器: h264, 音频编解码器: aac
分类: 央视频道, 名称: CCTV风云足球, 有效: 1, IPv4: 1, IPv6: 0, 最小延迟: 560 ms, 最高速率: 7.15 M/s, 平均速率: 7.15 M/s, 最高分辨率: 1920x1080, 平均帧率: 25.00, 视频编解码器: h264, 音频编解码器: aac
分类: 央视频道, 名称: CGTN法语, 有效: 1, IPv4: 1, IPv6: 0, 最小延迟: 2068 ms, 最高速率: 4.23 M/s, 平均速率: 4.23 M/s, 最高分辨率: 1920x1080, 平均帧率: 25.00, 视频编解码器: h264, 音频编解码器: aac
分类: 央视频道, 名称: CCTV文化精品, 有效: 1, IPv4: 1, IPv6: 0, 最小延迟: 474 ms, 最高速率: 9.43 M/s, 平均速率: 9.43 M/s, 最高分辨率: 1920x1080, 平均帧率: 25.00, 视频编解码器: h264, 音频编解码器: aac
分类: 央视频道, 名称: CGTN俄语, 有效: 0, IPv4: 1, IPv6: 0, 最小延迟: -1 ms, 最高速率: 0.00 M/s, 平均速率: 0.00 M/s, 最高分辨率: None, 平均帧率: 未知, 视频编解码器: 未知, 音频编解码器: 未知
分类: 央视频道, 名称: 兵器科技, 有效: 1, IPv4: 1, IPv6: 0, 最小延迟: 531 ms, 最高速率: 9.69 M/s, 平均速率: 9.69 M/s, 最高分辨率: 1920x1080, 平均帧率: 25.00, 视频编解码器: h264, 音频编解码器: aac
分类: 央视频道, 名称: 中国交通, 有效: 0, IPv4: 1, IPv6: 0, 最小延迟: 506 ms, 最高速率: 0.06 M/s, 平均速率: 0.00 M/s, 最高分辨率: None, 平均帧率: 未知, 视频编解码器: 未知, 音频编解码器: mp2
分类: 央视频道, 名称: 电视指南, 有效: 1, IPv4: 1, IPv6: 0, 最小延迟: 939 ms, 最高速率: 4.88 M/s, 平均速率: 4.88 M/s, 最高分辨率: 1920x1080, 平均帧率: 25.00, 视频编解码器: h264, 音频编解码器: aac
分类: 央视频道, 名称: 风云剧场, 有效: 1, IPv4: 1, IPv6: 0, 最小延迟: 451 ms, 最高速率: 8.28 M/s, 平均速率: 8.28 M/s, 最高分辨率: 1920x1080, 平均帧率: 25.00, 视频编解码器: h264, 音频编解码器: aac
分类: 央视频道, 名称: 风云音乐, 有效: 1, IPv4: 1, IPv6: 0, 最小延迟: 447 ms, 最高速率: 8.01 M/s, 平均速率: 8.01 M/s, 最高分辨率: 1920x1080, 平均帧率: 25.00, 视频编解码器: h264, 音频编解码器: aac
分类: 央视频道, 名称: 高尔夫网球, 有效: 1, IPv4: 1, IPv6: 0, 最小延迟: 1676 ms, 最高速率: 1.14 M/s, 平均速率: 1.14 M/s, 最高分辨率: 1920x1080, 平均帧率: 25.00, 视频编解码器: h264, 音频编解码器: aac
分类: 央视频道, 名称: 直播中国, 有效: 1, IPv4: 1, IPv6: 0, 最小延迟: 3008 ms, 最高速率: 0.27 M/s, 平均速率: 0.27 M/s, 最高分辨率: 1280x720, 平均帧率: 25.00, 视频编解码器: h264, 音频编解码器: aac
分类: 央视频道, 名称: 熊猫直播, 有效: 0, IPv4: 1, IPv6: 0, 最小延迟: 2132 ms, 最高速率: 0.30 M/s, 平均速率: 0.00 M/s, 最高分辨率: None, 平均帧率: 未知, 视频编解码器: 未知, 音频编解码器: 未知
分类: 央视频道, 名称: CCTV17, 有效: 1, IPv4: 4, IPv6: 0, 最小延迟: 3228 ms, 最高速率: 1.65 M/s, 平均速率: 1.65 M/s, 最高分辨率: 1920x1080, 平均帧率: 50.00, 视频编解码器: h264, 音频编解码器: ac3
分类: 卫视频道, 名称: 安徽卫视, 有效: 1, IPv4: 5, IPv6: 0, 最小延迟: 3320 ms, 最高速率: 1.62 M/s, 平均速率: 1.62 M/s, 最高分辨率: 1920x1080, 平均帧率: 50.00, 视频编解码器: h264, 音频编解码器: mp2
分类: 卫视频道, 名称: 北京卫视, 有效: 0, IPv4: 5, IPv6: 0, 最小延迟: 7 ms, 最高速率: 13.92 M/s, 平均速率: 0.00 M/s, 最高分辨率: 720x576, 平均帧率: 50.00, 视频编解码器: h264, 音频编解码器: aac
分类: 卫视频道, 名称: 兵团卫视, 有效: 0, IPv4: 3, IPv6: 0, 最小延迟: 2795 ms, 最高速率: 0.79 M/s, 平均速率: 0.00 M/s, 最高分辨率: 720x576, 平均帧率: 37.50, 视频编解码器: mpeg2video, 音频编解码器: mp2
分类: 卫视频道, 名称: 东方卫视, 有效: 0, IPv4: 5, IPv6: 0, 最小延迟: 10243 ms, 最高速率: 0.11 M/s, 平均速率: 0.00 M/s, 最高分辨率: 720x576, 平均帧率: 50.00, 视频编解码器: h264, 音频编解码器: mp2
分类: 卫视频道, 名称: 东南卫视, 有效: 1, IPv4: 5, IPv6: 0, 最小延迟: 3711 ms, 最高速率: 1.28 M/s, 平均速率: 1.28 M/s, 最高分辨率: 1920x1080, 平均帧率: 50.00, 视频编解码器: h264, 音频编解码器: ac3
分类: 卫视频道, 名称: 甘肃卫视, 有效: 1, IPv4: 5, IPv6: 0, 最小延迟: 3562 ms, 最高速率: 1.71 M/s, 平均速率: 1.71 M/s, 最高分辨率: 1920x1080, 平均帧率: 50.00, 视频编解码器: h264, 音频编解码器: ac3
分类: 卫视频道, 名称: 广西卫视, 有效: 1, IPv4: 5, IPv6: 0, 最小延迟: 3106 ms, 最高速率: 1.67 M/s, 平均速率: 1.67 M/s, 最高分辨率: 1920x1080, 平均帧率: 50.00, 视频编解码器: h264, 音频编解码器: ac3
分类: 卫视频道, 名称: 广东卫视, 有效: 1, IPv4: 5, IPv6: 0, 最小延迟: 3531 ms, 最高速率: 1.40 M/s, 平均速率: 1.40 M/s, 最高分辨率: 1920x1080, 平均帧率: 50.00, 视频编解码器: h264, 音频编解码器: ac3
分类: 卫视频道, 名称: 贵州卫视, 有效: 1, IPv4: 5, IPv6: 0, 最小延迟: 3982 ms, 最高速率: 1.61 M/s, 平均速率: 1.61 M/s, 最高分辨率: 1920x1080, 平均帧率: 50.00, 视频编解码器: h264, 音频编解码器: ac3
分类: 卫视频道, 名称: 海南卫视, 有效: 1, IPv4: 5, IPv6: 0, 最小延迟: 4129 ms, 最高速率: 1.02 M/s, 平均速率: 1.02 M/s, 最高分辨率: 1920x1080, 平均帧率: 50.00, 视频编解码器: h264, 音频编解码器: ac3
分类: 卫视频道, 名称: 海峡卫视, 有效: 2, IPv4: 3, IPv6: 0, 最小延迟: 2621 ms, 最高速率: 0.56 M/s, 平均速率: 0.54 M/s, 最高分辨率: 1920x1080, 平均帧率: 29.97, 视频编解码器: h264, 音频编解码器: aac
分类: 卫视频道, 名称: 河北卫视, 有效: 0, IPv4: 5, IPv6: 0, 最小延迟: 10099 ms, 最高速率: 0.00 M/s, 平均速率: 0.00 M/s, 最高分辨率: None, 平均帧率: 未知, 视频编解码器: 未知, 音频编解码器: 未知
分类: 卫视频道, 名称: 河南卫视, 有效: 0, IPv4: 5, IPv6: 0, 最小延迟: 10130 ms, 最高速率: 0.22 M/s, 平均速率: 0.00 M/s, 最高分辨率: None, 平均帧率: 未知, 视频编解码器: 未知, 音频编解码器: 未知
分类: 卫视频道, 名称: 湖北卫视, 有效: 0, IPv4: 5, IPv6: 0, 最小延迟: 10193 ms, 最高速率: 0.09 M/s, 平均速率: 0.00 M/s, 最高分辨率: 1920x1080, 平均帧率: 50.00, 视频编解码器: h264, 音频编解码器: mp2
分类: 卫视频道, 名称: 湖南卫视, 有效: 0, IPv4: 5, IPv6: 0, 最小延迟: 2954 ms, 最高速率: 0.35 M/s, 平均速率: 0.00 M/s, 最高分辨率: 3840x2160, 平均帧率: 33.33, 视频编解码器: h264, 音频编解码器: aac
分类: 卫视频道, 名称: 吉林卫视, 有效: 0, IPv4: 5, IPv6: 0, 最小延迟: 10436 ms, 最高速率: 0.05 M/s, 平均速率: 0.00 M/s, 最高分辨率: None, 平均帧率: 未知, 视频编解码器: 未知, 音频编解码器: 未知
分类: 卫视频道, 名称: 江苏卫视, 有效: 0, IPv4: 5, IPv6: 0, 最小延迟: 10181 ms, 最高速率: 0.10 M/s, 平均速率: 0.00 M/s, 最高分辨率: 1920x1080, 平均帧率: 50.00, 视频编解码器: h264, 音频编解码器: mp2
分类: 卫视频道, 名称: 江西卫视, 有效: 0, IPv4: 5, IPv6: 0, 最小延迟: 10167 ms, 最高速率: 0.09 M/s, 平均速率: 0.00 M/s, 最高分辨率: 1920x1080, 平均帧率: 50.00, 视频编解码器: h264, 音频编解码器: mp2
分类: 卫视频道, 名称: 辽宁卫视, 有效: 0, IPv4: 5, IPv6: 0, 最小延迟: 10002 ms, 最高速率: 0.04 M/s, 平均速率: 0.00 M/s, 最高分辨率: 1920x1080, 平均帧率: 50.00, 视频编解码器: h264, 音频编解码器: mp2
分类: 卫视频道, 名称: 宁夏卫视, 有效: 0, IPv4: 5, IPv6: 0, 最小延迟: 10199 ms, 最高速率: 0.02 M/s, 平均速率: 0.00 M/s, 最高分辨率: None, 平均帧率: 未知, 视频编解码器: 未知, 音频编解码器: 未知
分类: 卫视频道, 名称: 农林卫视, 有效: 0, IPv4: 4, IPv6: 0, 最小延迟: 10037 ms, 最高速率: 0.09 M/s, 平均速率: 0.00 M/s, 最高分辨率: 720x576, 平均帧率: 50.00, 视频编解码器: h264, 音频编解码器: mp2
分类: 卫视频道, 名称: 三沙卫视, 有效: 0, IPv4: 2, IPv6: 0, 最小延迟: 547 ms, 最高速率: 6.08 M/s, 平均速率: 0.00 M/s, 最高分辨率: 720x576, 平均帧率: 25.00, 视频编解码器: h264, 音频编解码器: mp2
分类: 卫视频道, 名称: 厦门卫视, 有效: 0, IPv4: 2, IPv6: 0, 最小延迟: 10966 ms, 最高速率: 0.04 M/s, 平均速率: 0.00 M/s, 最高分辨率: 720x576, 平均帧率: 25.00, 视频编解码器: h264, 音频编解码器: mp2
分类: 卫视频道, 名称: 青海卫视, 有效: 0, IPv4: 4, IPv6: 0, 最小延迟: 10278 ms, 最高速率: 0.00 M/s, 平均速率: 0.00 M/s, 最高分辨率: None, 平均帧率: 未知, 视频编解码器: 未知, 音频编解码器: 未知
分类: 卫视频道, 名称: 山西卫视, 有效: 0, IPv4: 1, IPv6: 0, 最小延迟: 2225 ms, 最高速率: 0.25 M/s, 平均速率: 0.00 M/s, 最高分辨率: 1920x1080, 平均帧率: 25.00, 视频编解码器: h264, 音频编解码器: aac
分类: 卫视频道, 名称: 陕西卫视, 有效: 1, IPv4: 1, IPv6: 0, 最小延迟: 554 ms, 最高速率: 6.58 M/s, 平均速率: 6.58 M/s, 最高分辨率: 1920x1080, 平均帧率: 25.00, 视频编解码器: h264, 音频编解码器: aac
分类: 卫视频道, 名称: 山东卫视, 有效: 0, IPv4: 5, IPv6: 0, 最小延迟: 10045 ms, 最高速率: 0.31 M/s, 平均速率: 0.00 M/s, 最高分辨率: 1920x1080, 平均帧率: 50.00, 视频编解码器: h264, 音频编解码器: mp2
分类: 卫视频道, 名称: 深圳卫视, 有效: 1, IPv4: 5, IPv6: 0, 最小延迟: 2480 ms, 最高速率: 0.69 M/s, 平均速率: 0.69 M/s, 最高分辨率: 1920x1080, 平均帧率: 27.49, 视频编解码器: h264, 音频编解码器: aac
分类: 卫视频道, 名称: 四川卫视, 有效: 0, IPv4: 5, IPv6: 0, 最小延迟: 10095 ms, 最高速率: 0.09 M/s, 平均速率: 0.00 M/s, 最高分辨率: 720x576, 平均帧率: 25.00, 视频编解码器: h264, 音频编解码器: mp2
分类: 卫视频道, 名称: 天津卫视, 有效: 0, IPv4: 5, IPv6: 0, 最小延迟: 10466 ms, 最高速率: 0.07 M/s, 平均速率: 0.00 M/s, 最高分辨率: 1920x1080, 平均帧率: 50.00, 视频编解码器: h264, 音频编解码器: mp2
分类: 卫视频道, 名称: 西藏卫视, 有效: 0, IPv4: 4, IPv6: 0, 最小延迟: 10593 ms, 最高速率: 0.05 M/s, 平均速率: 0.00 M/s, 最高分辨率: None, 平均帧率: 未知, 视频编解码器: 未知, 音频编解码器: 未知
分类: 卫视频道, 名称: 新疆卫视, 有效: 0, IPv4: 5, IPv6: 0, 最小延迟: 5167 ms, 最高速率: 0.19 M/s, 平均速率: 0.00 M/s, 最高分辨率: None, 平均帧率: 未知, 视频编解码器: h264, 音频编解码器: aac
分类: 卫视频道, 名称: 延边卫视, 有效: 0, IPv4: 2, IPv6: 0, 最小延迟: 10499 ms, 最高速率: 0.09 M/s, 平均速率: 0.00 M/s, 最高分辨率: 720x576, 平均帧率: 50.00, 视频编解码器: h264, 音频编解码器: mp2
分类: 卫视频道, 名称: 云南卫视, 有效: 0, IPv4: 5, IPv6: 0, 最小延迟: 10047 ms, 最高速率: 0.04 M/s, 平均速率: 0.00 M/s, 最高分辨率: None, 平均帧率: 未知, 视频编解码器: 未知, 音频编解码器: 未知
分类: 卫视频道, 名称: 浙江卫视, 有效: 0, IPv4: 5, IPv6: 0, 最小延迟: 1058 ms, 最高速率: 0.35 M/s, 平均速率: 0.00 M/s, 最高分辨率: 1920x1080, 平均帧率: 25.00, 视频编解码器: h264, 音频编解码器: aac
分类: 卫视频道, 名称: 重庆卫视, 有效: 0, IPv4: 5, IPv6: 0, 最小延迟: 10015 ms, 最高速率: 0.04 M/s, 平均速率: 0.00 M/s, 最高分辨率: 720x576, 平均帧率: 25.00, 视频编解码器: h264, 音频编解码器: mp2
分类: 卫视频道, 名称: 黑龙江卫视, 有效: 0, IPv4: 5, IPv6: 0, 最小延迟: 4459 ms, 最高速率: 0.11 M/s, 平均速率: 0.00 M/s, 最高分辨率: 720x576, 平均帧率: 25.00, 视频编解码器: h264, 音频编解码器: mp2
分类: 卫视频道, 名称: 四川卫视4K, 有效: 0, IPv4: 1, IPv6: 0, 最小延迟: -1 ms, 最高速率: 0.00 M/s, 平均速率: 0.00 M/s, 最高分辨率: None, 平均帧率: 未知, 视频编解码器: 未知, 音频编解码器: 未知
分类: 卫视频道, 名称: 内蒙古卫视, 有效: 0, IPv4: 5, IPv6: 0, 最小延迟: 10008 ms, 最高速率: 0.10 M/s, 平均速率: 0.00 M/s, 最高分辨率: 1920x1080, 平均帧率: 50.00, 视频编解码器: h264, 音频编解码器: mp2
分类: 电影频道, 名称: CHC动作电影, 有效: 1, IPv4: 1, IPv6: 0, 最小延迟: 378 ms, 最高速率: 4.23 M/s, 平均速率: 4.23 M/s, 最高分辨率: 1920x1080, 平均帧率: 25.00, 视频编解码器: h264, 音频编解码器: aac
分类: 卫视频道, 名称: 山东教育, 有效: 1, IPv4: 1, IPv6: 0, 最小延迟: 2840 ms, 最高速率: 0.23 M/s, 平均速率: 0.23 M/s, 最高分辨率: 1280x720, 平均帧率: 25.00, 视频编解码器: h264, 音频编解码器: aac
分类: 电影频道, 名称: 无线星河, 有效: 0, IPv4: 1, IPv6: 0, 最小延迟: -1 ms, 最高速率: 0.00 M/s, 平均速率: 0.00 M/s, 最高分辨率: None, 平均帧率: 未知, 视频编解码器: 未知, 音频编解码器: 未知
分类: 电影频道, 名称: 靖天戏剧, 有效: 0, IPv4: 1, IPv6: 0, 最小延迟: -1 ms, 最高速率: 0.00 M/s, 平均速率: 0.00 M/s, 最高分辨率: None, 平均帧率: 未知, 视频编解码器: 未知, 音频编解码器: 未知
分类: 卫视频道, 名称: 苏州4K, 有效: 0, IPv4: 1, IPv6: 0, 最小延迟: 1874 ms, 最高速率: 0.12 M/s, 平均速率: 0.00 M/s, 最高分辨率: 3840x2160, 平均帧率: 25.00, 视频编解码器: h264, 音频编解码器: aac
分类: 电影频道, 名称: 靖天映画, 有效: 0, IPv4: 1, IPv6: 0, 最小延迟: -1 ms, 最高速率: 0.00 M/s, 平均速率: 0.00 M/s, 最高分辨率: None, 平均帧率: 未知, 视频编解码器: 未知, 音频编解码器: 未知
分类: 电影频道, 名称: AMC电影, 有效: 0, IPv4: 1, IPv6: 0, 最小延迟: 395 ms, 最高速率: 0.00 M/s, 平均速率: 0.00 M/s, 最高分辨率: None, 平均帧率: 未知, 视频编解码器: 未知, 音频编解码器: 未知
分类: 卫视频道, 名称: 东方卫视4K, 有效: 0, IPv4: 1, IPv6: 0, 最小延迟: -1 ms, 最高速率: 0.00 M/s, 平均速率: 0.00 M/s, 最高分辨率: None, 平均帧率: 未知, 视频编解码器: 未知, 音频编解码器: 未知
分类: 卫视频道, 名称: 北京卫视4K超, 有效: 0, IPv4: 1, IPv6: 0, 最小延迟: -1 ms, 最高速率: 0.00 M/s, 平均速率: 0.00 M/s, 最高分辨率: None, 平均帧率: 未知, 视频编解码器: 未知, 音频编解码器: 未知
分类: 电影频道, 名称: CHC家庭影院, 有效: 1, IPv4: 2, IPv6: 0, 最小延迟: 370 ms, 最高速率: 4.59 M/s, 平均速率: 4.59 M/s, 最高分辨率: 1920x1080, 平均帧率: 25.00, 视频编解码器: h264, 音频编解码器: aac
分类: 电影频道, 名称: 人在囧途, 有效: 0, IPv4: 1, IPv6: 0, 最小延迟: -1 ms, 最高速率: 0.00 M/s, 平均速率: 0.00 M/s, 最高分辨率: None, 平均帧率: 未知, 视频编解码器: 未知, 音频编解码器: 未知
分类: 电影频道, 名称: 人在囧途之泰囧, 有效: 0, IPv4: 1, IPv6: 0, 最小延迟: -1 ms, 最高速率: 0.00 M/s, 平均速率: 0.00 M/s, 最高分辨率: None, 平均帧率: 未知, 视频编解码器: 未知, 音频编解码器: 未知
分类: 电影频道, 名称: 天映经典, 有效: 0, IPv4: 1, IPv6: 0, 最小延迟: -1 ms, 最高速率: 0.00 M/s, 平均速率: 0.00 M/s, 最高分辨率: None, 平均帧率: 未知, 视频编解码器: 未知, 音频编解码器: 未知
分类: 电影频道, 名称: 人在囧途之港囧, 有效: 0, IPv4: 1, IPv6: 0, 最小延迟: -1 ms, 最高速率: 0.00 M/s, 平均速率: 0.00 M/s, 最高分辨率: None, 平均帧率: 未知, 视频编解码器: 未知, 音频编解码器: 未知
分类: 电影频道, 名称: CHC电影, 有效: 0, IPv4: 1, IPv6: 0, 最小延迟: 10471 ms, 最高速率: 0.05 M/s, 平均速率: 0.00 M/s, 最高分辨率: None, 平均帧率: 未知, 视频编解码器: 未知, 音频编解码器: 未知
分类: 电影频道, 名称: 我不是药神, 有效: 0, IPv4: 1, IPv6: 0, 最小延迟: -1 ms, 最高速率: 0.00 M/s, 平均速率: 0.00 M/s, 最高分辨率: None, 平均帧率: 未知, 视频编解码器: 未知, 音频编解码器: 未知
分类: 电影频道, 名称: 寒战, 有效: 0, IPv4: 1, IPv6: 0, 最小延迟: -1 ms, 最高速率: 0.00 M/s, 平均速率: 0.00 M/s, 最高分辨率: None, 平均帧率: 未知, 视频编解码器: 未知, 音频编解码器: 未知
分类: 电影频道, 名称: 拆弹专家1, 有效: 0, IPv4: 1, IPv6: 0, 最小延迟: -1 ms, 最高速率: 0.00 M/s, 平均速率: 0.00 M/s, 最高分辨率: None, 平均帧率: 未知, 视频编解码器: 未知, 音频编解码器: 未知
分类: 电影频道, 名称: 拆弹专家2, 有效: 0, IPv4: 1, IPv6: 0, 最小延迟: -1 ms, 最高速率: 0.00 M/s, 平均速率: 0.00 M/s, 最高分辨率: None, 平均帧率: 未知, 视频编解码器: 未知, 音频编解码器: 未知
分类: 电影频道, 名称: 哈尔滨影视, 有效: 0, IPv4: 1, IPv6: 0, 最小延迟: 8008 ms, 最高速率: 0.07 M/s, 平均速率: 0.00 M/s, 最高分辨率: 640x480, 平均帧率: 25.00, 视频编解码器: h264, 音频编解码器: aac
分类: 电影频道, 名称: 东阳影视生活, 有效: 0, IPv4: 1, IPv6: 0, 最小延迟: 10734 ms, 最高速率: 0.00 M/s, 平均速率: 0.00 M/s, 最高分辨率: 1280x720, 平均帧率: 未知, 视频编解码器: 未知, 音频编解码器: 未知
分类: 电影频道, 名称: 美亚电影, 有效: 0, IPv4: 1, IPv6: 0, 最小延迟: -1 ms, 最高速率: 0.00 M/s, 平均速率: 0.00 M/s, 最高分辨率: None, 平均帧率: 未知, 视频编解码器: 未知, 音频编解码器: 未知
分类: 电影频道, 名称: 浙江教科影视, 有效: 0, IPv4: 3, IPv6: 0, 最小延迟: 1014 ms, 最高速率: 0.40 M/s, 平均速率: 0.00 M/s, 最高分辨率: 1920x1080, 平均帧率: 25.00, 视频编解码器: h264, 音频编解码器: aac
分类: 电影频道, 名称: 让子弹飞, 有效: 0, IPv4: 1, IPv6: 0, 最小延迟: -1 ms, 最高速率: 0.00 M/s, 平均速率: 0.00 M/s, 最高分辨率: None, 平均帧率: 未知, 视频编解码器: 未知, 音频编解码器: 未知
分类: 电影频道, 名称: 豆瓣电影, 有效: 0, IPv4: 1, IPv6: 0, 最小延迟: -1 ms, 最高速率: 0.00 M/s, 平均速率: 0.00 M/s, 最高分辨率: None, 平均帧率: 未知, 视频编解码器: 未知, 音频编解码器: 未知
分类: 数字频道, 名称: 纪实科教8K, 有效: 0, IPv4: 1, IPv6: 0, 最小延迟: -1 ms, 最高速率: 0.00 M/s, 平均速率: 0.00 M/s, 最高分辨率: None, 平均帧率: 未知, 视频编解码器: 未知, 音频编解码器: 未知
分类: 电影频道, 名称: 韩国电影2, 有效: 1, IPv4: 1, IPv6: 0, 最小延迟: 1119 ms, 最高速率: 0.93 M/s, 平均速率: 0.93 M/s, 最高分辨率: 1280x720, 平均帧率: 30.00, 视频编解码器: h264, 音频编解码器: aac
分类: 数字频道, 名称: 四川科教, 有效: 0, IPv4: 1, IPv6: 0, 最小延迟: 1749 ms, 最高速率: 0.10 M/s, 平均速率: 0.00 M/s, 最高分辨率: 1920x1080, 平均帧率: 25.00, 视频编解码器: h264, 音频编解码器: aac
分类: 数字频道, 名称: 南国都市, 有效: 1, IPv4: 1, IPv6: 0, 最小延迟: 2501 ms, 最高速率: 0.77 M/s, 平均速率: 0.77 M/s, 最高分辨率: 1920x1080, 平均帧率: 50.00, 视频编解码器: h264, 音频编解码器: aac
分类: 儿童频道, 名称: 金鹰卡通, 有效: 0, IPv4: 1, IPv6: 0, 最小延迟: -1 ms, 最高速率: 0.00 M/s, 平均速率: 0.00 M/s, 最高分辨率: None, 平均帧率: 未知, 视频编解码器: 未知, 音频编解码器: 未知
分类: 儿童频道, 名称: 卡酷少儿, 有效: 0, IPv4: 2, IPv6: 0, 最小延迟: 10624 ms, 最高速率: 0.07 M/s, 平均速率: 0.00 M/s, 最高分辨率: 720x576, 平均帧率: 25.00, 视频编解码器: h264, 音频编解码器: mp2
分类: 电影频道, 名称: 辽宁影视剧, 有效: 0, IPv4: 1, IPv6: 0, 最小延迟: 10611 ms, 最高速率: 0.00 M/s, 平均速率: 0.00 M/s, 最高分辨率: None, 平均帧率: 未知, 视频编解码器: 未知, 音频编解码器: 未知
分类: 数字频道, 名称: 纪实科教, 有效: 0, IPv4: 1, IPv6: 0, 最小延迟: 10482 ms, 最高速率: 0.00 M/s, 平均速率: 0.00 M/s, 最高分辨率: None, 平均帧率: 未知, 视频编解码器: 未知, 音频编解码器: 未知
分类: 数字频道, 名称: 新视觉, 有效: 0, IPv4: 1, IPv6: 0, 最小延迟: 10923 ms, 最高速率: 0.00 M/s, 平均速率: 0.00 M/s, 最高分辨率: None, 平均帧率: 未知, 视频编解码器: 未知, 音频编解码器: 未知
分类: 儿童频道, 名称: 猫和老鼠, 有效: 0, IPv4: 1, IPv6: 0, 最小延迟: -1 ms, 最高速率: 0.00 M/s, 平均速率: 0.00 M/s, 最高分辨率: None, 平均帧率: 未知, 视频编解码器: 未知, 音频编解码器: 未知
分类: 儿童频道, 名称: 广东少儿, 有效: 0, IPv4: 1, IPv6: 0, 最小延迟: 10760 ms, 最高速率: 0.04 M/s, 平均速率: 0.00 M/s, 最高分辨率: None, 平均帧率: 未知, 视频编解码器: 未知, 音频编解码器: 未知
分类: 儿童频道, 名称: 韩国EBS少儿, 有效: 0, IPv4: 1, IPv6: 0, 最小延迟: 1671 ms, 最高速率: 0.45 M/s, 平均速率: 0.00 M/s, 最高分辨率: 640x360, 平均帧率: 29.97, 视频编解码器: h264, 音频编解码器: aac
分类: 儿童频道, 名称: 浙江少儿, 有效: 0, IPv4: 4, IPv6: 0, 最小延迟: 1125 ms, 最高速率: 0.33 M/s, 平均速率: 0.00 M/s, 最高分辨率: 1920x1080, 平均帧率: 25.00, 视频编解码器: h264, 音频编解码器: aac
分类: 地方频道, 名称: 广东珠江, 有效: 0, IPv4: 2, IPv6: 0, 最小延迟: 10050 ms, 最高速率: 0.08 M/s, 平均速率: 0.00 M/s, 最高分辨率: None, 平均帧率: 未知, 视频编解码器: 未知, 音频编解码器: 未知
分类: 地方频道, 名称: 延边卫视, 有效: 2, IPv4: 3, IPv6: 0, 最小延迟: 392 ms, 最高速率: 8.72 M/s, 平均速率: 7.65 M/s, 最高分辨率: 1920x1080, 平均帧率: 25.00, 视频编解码器: h264, 音频编解码器: aac
分类: 地方频道, 名称: 快乐垂钓, 有效: 0, IPv4: 1, IPv6: 0, 最小延迟: 513 ms, 最高速率: 0.02 M/s, 平均速率: 0.00 M/s, 最高分辨率: None, 平均帧率: 未知, 视频编解码器: 未知, 音频编解码器: mp2
分类: 地方频道, 名称: 七台河民生社教, 有效: 0, IPv4: 1, IPv6: 0, 最小延迟: -1 ms, 最高速率: 0.00 M/s, 平均速率: 0.00 M/s, 最高分辨率: None, 平均帧率: 未知, 视频编解码器: 未知, 音频编解码器: 未知
分类: 地方频道, 名称: 七台河新闻综合, 有效: 1, IPv4: 1, IPv6: 0, 最小延迟: 2949 ms, 最高速率: 0.33 M/s, 平均速率: 0.33 M/s, 最高分辨率: 1280x720, 平均帧率: 30.00, 视频编解码器: h264, 音频编解码器: aac
分类: 地方频道, 名称: 万州三峡移民, 有效: 1, IPv4: 1, IPv6: 0, 最小延迟: 3917 ms, 最高速率: 1.02 M/s, 平均速率: 1.02 M/s, 最高分辨率: 1920x1080, 平均帧率: 15.00, 视频编解码器: h264, 音频编解码器: aac
分类: 地方频道, 名称: 万荣综合, 有效: 0, IPv4: 1, IPv6: 0, 最小延迟: 4960 ms, 最高速率: 0.16 M/s, 平均速率: 0.00 M/s, 最高分辨率: 720x404, 平均帧率: 25.00, 视频编解码器: h264, 音频编解码器: aac
分类: 地方频道, 名称: 上海第一财经, 有效: 0, IPv4: 1, IPv6: 0, 最小延迟: 12 ms, 最高速率: 9.59 M/s, 平均速率: 0.00 M/s, 最高分辨率: None, 平均帧率: 未知, 视频编解码器: 未知, 音频编解码器: aac
分类: 地方频道, 名称: 广东体育, 有效: 0, IPv4: 2, IPv6: 0, 最小延迟: 10208 ms, 最高速率: 0.04 M/s, 平均速率: 0.00 M/s, 最高分辨率: None, 平均帧率: 未知, 视频编解码器: 未知, 音频编解码器: 未知
分类: 地方频道, 名称: 大湾区卫视, 有效: 0, IPv4: 3, IPv6: 0, 最小延迟: 1388 ms, 最高速率: 0.20 M/s, 平均速率: 0.00 M/s, 最高分辨率: 1920x1080, 平均帧率: 25.00, 视频编解码器: h264, 音频编解码器: aac
分类: 地方频道, 名称: 东丰综合, 有效: 0, IPv4: 1, IPv6: 0, 最小延迟: 684 ms, 最高速率: 0.05 M/s, 平均速率: 0.00 M/s, 最高分辨率: None, 平均帧率: 未知, 视频编解码器: 未知, 音频编解码器: aac
分类: 地方频道, 名称: 上虞文化影院, 有效: 0, IPv4: 1, IPv6: 0, 最小延迟: 10325 ms, 最高速率: 0.00 M/s, 平均速率: 0.00 M/s, 最高分辨率: 1920x1080, 平均帧率: 未知, 视频编解码器: 未知, 音频编解码器: 未知
分类: 地方频道, 名称: 东莞生活资讯, 有效: 1, IPv4: 1, IPv6: 0, 最小延迟: 3096 ms, 最高速率: 0.21 M/s, 平均速率: 0.21 M/s, 最高分辨率: 1280x720, 平均帧率: 25.00, 视频编解码器: h264, 音频编解码器: aac
分类: 地方频道, 名称: 上虞新闻综合, 有效: 0, IPv4: 1, IPv6: 0, 最小延迟: 10750 ms, 最高速率: 0.01 M/s, 平均速率: 0.00 M/s, 最高分辨率: 1920x1080, 平均帧率: 25.00, 视频编解码器: h264, 音频编解码器: aac
分类: 地方频道, 名称: 东莞新闻综合, 有效: 1, IPv4: 1, IPv6: 0, 最小延迟: 3248 ms, 最高速率: 0.21 M/s, 平均速率: 0.21 M/s, 最高分辨率: 1280x720, 平均帧率: 25.00, 视频编解码器: h264, 音频编解码器: aac
分类: 地方频道, 名称: 中国蓝新闻, 有效: 0, IPv4: 1, IPv6: 0, 最小延迟: 1047 ms, 最高速率: 0.21 M/s, 平均速率: 0.00 M/s, 最高分辨率: 1920x1080, 平均帧率: 25.00, 视频编解码器: h264, 音频编解码器: aac
分类: 地方频道, 名称: 义马新闻综合, 有效: 0, IPv4: 2, IPv6: 0, 最小延迟: -1 ms, 最高速率: 0.00 M/s, 平均速率: 0.00 M/s, 最高分辨率: None, 平均帧率: 未知, 视频编解码器: 未知, 音频编解码器: 未知
分类: 地方频道, 名称: 上虞新商都, 有效: 0, IPv4: 1, IPv6: 0, 最小延迟: 10896 ms, 最高速率: 0.02 M/s, 平均速率: 0.00 M/s, 最高分辨率: None, 平均帧率: 未知, 视频编解码器: 未知, 音频编解码器: 未知
分类: 地方频道, 名称: 临夏州综合, 有效: 0, IPv4: 1, IPv6: 0, 最小延迟: -1 ms, 最高速率: 0.00 M/s, 平均速率: 0.00 M/s, 最高分辨率: None, 平均帧率: 未知, 视频编解码器: 未知, 音频编解码器: 未知
分类: 地方频道, 名称: 之江纪录, 有效: 1, IPv4: 2, IPv6: 0, 最小延迟: 1640 ms, 最高速率: 0.30 M/s, 平均速率: 0.30 M/s, 最高分辨率: 1920x1080, 平均帧率: 25.00, 视频编解码器: h264, 音频编解码器: aac
分类: 地方频道, 名称: 乐至综合, 有效: 3, IPv4: 3, IPv6: 0, 最小延迟: 3231 ms, 最高速率: 0.69 M/s, 平均速率: 0.64 M/s, 最高分辨率: 1920x1080, 平均帧率: 25.00, 视频编解码器: h264, 音频编解码器: aac
分类: 地方频道, 名称: 九台综合, 有效: 0, IPv4: 1, IPv6: 0, 最小延迟: 2687 ms, 最高速率: 0.10 M/s, 平均速率: 0.00 M/s, 最高分辨率: 720x576, 平均帧率: 25.00, 视频编解码器: h264, 音频编解码器: aac
分类: 地方频道, 名称: 临颍综合, 有效: 0, IPv4: 2, IPv6: 0, 最小延迟: -1 ms, 最高速率: 0.00 M/s, 平均速率: 0.00 M/s, 最高分辨率: None, 平均帧率: 未知, 视频编解码器: 未知, 音频编解码器: 未知
分类: 地方频道, 名称: 中华特产, 有效: 0, IPv4: 1, IPv6: 0, 最小延迟: 10618 ms, 最高速率: 0.00 M/s, 平均速率: 0.00 M/s, 最高分辨率: None, 平均帧率: 未知, 视频编解码器: 未知, 音频编解码器: 未知
分类: 地方频道, 名称: 云南娱乐, 有效: 1, IPv4: 1, IPv6: 0, 最小延迟: 1972 ms, 最高速率: 0.24 M/s, 平均速率: 0.24 M/s, 最高分辨率: 1280x720, 平均帧率: 25.00, 视频编解码器: h264, 音频编解码器: aac
分类: 地方频道, 名称: 云南都市, 有效: 1, IPv4: 1, IPv6: 0, 最小延迟: 1973 ms, 最高速率: 0.23 M/s, 平均速率: 0.23 M/s, 最高分辨率: 1280x720, 平均帧率: 25.00, 视频编解码器: h264, 音频编解码器: aac
分类: 地方频道, 名称: 井研综合, 有效: 0, IPv4: 1, IPv6: 0, 最小延迟: 3494 ms, 最高速率: 0.48 M/s, 平均速率: 0.00 M/s, 最高分辨率: 1920x1080, 平均帧率: 25.00, 视频编解码器: h264, 音频编解码器: aac
分类: 地方频道, 名称: 仁寿综合, 有效: 0, IPv4: 1, IPv6: 0, 最小延迟: 1139 ms, 最高速率: 0.04 M/s, 平均速率: 0.00 M/s, 最高分辨率: None, 平均帧率: 未知, 视频编解码器: 未知, 音频编解码器: aac
分类: 地方频道, 名称: 云和新闻综合, 有效: 0, IPv4: 2, IPv6: 0, 最小延迟: 10361 ms, 最高速率: 0.09 M/s, 平均速率: 0.00 M/s, 最高分辨率: 1280x720, 平均帧率: 25.00, 视频编解码器: h264, 音频编解码器: aac
分类: 地方频道, 名称: 什邡新闻, 有效: 0, IPv4: 1, IPv6: 0, 最小延迟: -1 ms, 最高速率: 0.00 M/s, 平均速率: 0.00 M/s, 最高分辨率: None, 平均帧率: 未知, 视频编解码器: 未知, 音频编解码器: 未知
分类: 地方频道, 名称: 伊犁经济法制, 有效: 1, IPv4: 2, IPv6: 0, 最小延迟: 6902 ms, 最高速率: 0.82 M/s, 平均速率: 0.82 M/s, 最高分辨率: 1920x1080, 平均帧率: 25.00, 视频编解码器: h264, 音频编解码器: aac
分类: 地方频道, 名称: 优优宝贝, 有效: 0, IPv4: 1, IPv6: 0, 最小延迟: -1 ms, 最高速率: 0.00 M/s, 平均速率: 0.00 M/s, 最高分辨率: None, 平均帧率: 未知, 视频编解码器: 未知, 音频编解码器: 未知
分类: 地方频道, 名称: 伊犁哈萨克, 有效: 0, IPv4: 2, IPv6: 0, 最小延迟: 10419 ms, 最高速率: 0.65 M/s, 平均速率: 0.00 M/s, 最高分辨率: None, 平均帧率: 未知, 视频编解码器: 未知, 音频编解码器: 未知
分类: 地方频道, 名称: 伊犁维吾尔, 有效: 1, IPv4: 2, IPv6: 0, 最小延迟: 4856 ms, 最高速率: 0.75 M/s, 平均速率: 0.75 M/s, 最高分辨率: 1920x1080, 平均帧率: 25.00, 视频编解码器: h264, 音频编解码器: aac
分类: 地方频道, 名称: 余姚姚江文化, 有效: 0, IPv4: 2, IPv6: 0, 最小延迟: 5425 ms, 最高速率: 0.16 M/s, 平均速率: 0.00 M/s, 最高分辨率: None, 平均帧率: 未知, 视频编解码器: 未知, 音频编解码器: 未知
分类: 地方频道, 名称: 余姚新闻综合, 有效: 0, IPv4: 2, IPv6: 0, 最小延迟: 10158 ms, 最高速率: 0.02 M/s, 平均速率: 0.00 M/s, 最高分辨率: 1920x1080, 平均帧率: 25.00, 视频编解码器: h264, 音频编解码器: aac
分类: 地方频道, 名称: 偃师新闻, 有效: 0, IPv4: 2, IPv6: 0, 最小延迟: -1 ms, 最高速率: 0.00 M/s, 平均速率: 0.00 M/s, 最高分辨率: None, 平均帧率: 未知, 视频编解码器: 未知, 音频编解码器: 未知
分类: 地方频道, 名称: 余杭未来E, 有效: 0, IPv4: 2, IPv6: 0, 最小延迟: 1218 ms, 最高速率: 0.11 M/s, 平均速率: 0.00 M/s, 最高分辨率: 1920x1080, 平均帧率: 25.00, 视频编解码器: h264, 音频编解码器: aac
分类: 地方频道, 名称: 余姚综合, 有效: 0, IPv4: 3, IPv6: 0, 最小延迟: 6974 ms, 最高速率: 0.07 M/s, 平均速率: 0.00 M/s, 最高分辨率: 1920x1080, 平均帧率: 25.00, 视频编解码器: h264, 音频编解码器: aac
分类: 地方频道, 名称: 余杭综合, 有效: 0, IPv4: 2, IPv6: 0, 最小延迟: 1214 ms, 最高速率: 0.10 M/s, 平均速率: 0.00 M/s, 最高分辨率: 1920x1080, 平均帧率: 25.00, 视频编解码器: h264, 音频编解码器: aac
分类: 地方频道, 名称: 兰溪新闻综合, 有效: 0, IPv4: 1, IPv6: 0, 最小延迟: 2140 ms, 最高速率: 0.09 M/s, 平均速率: 0.00 M/s, 最高分辨率: 1280x720, 平均帧率: 25.00, 视频编解码器: h264, 音频编解码器: aac
分类: 地方频道, 名称: 内乡综合, 有效: 0, IPv4: 1, IPv6: 0, 最小延迟: -1 ms, 最高速率: 0.00 M/s, 平均速率: 0.00 M/s, 最高分辨率: None, 平均帧率: 未知, 视频编解码器: 未知, 音频编解码器: 未知
分类: 地方频道, 名称: 内黄综合, 有效: 0, IPv4: 3, IPv6: 0, 最小延迟: -1 ms, 最高速率: 0.00 M/s, 平均速率: 0.00 M/s, 最高分辨率: None, 平均帧率: 未知, 视频编解码器: 未知, 音频编解码器: 未知
分类: 地方频道, 名称: 兵团五师双河新闻综合, 有效: 0, IPv4: 1, IPv6: 0, 最小延迟: 2501 ms, 最高速率: 0.07 M/s, 平均速率: 0.00 M/s, 最高分辨率: 720x576, 平均帧率: 25.00, 视频编解码器: h264, 音频编解码器: aac
分类: 地方频道, 名称: 北京新闻, 有效: 0, IPv4: 1, IPv6: 0, 最小延迟: 12 ms, 最高速率: 9.22 M/s, 平均速率: 0.00 M/s, 最高分辨率: None, 平均帧率: 未知, 视频编解码器: 未知, 音频编解码器: aac
分类: 地方频道, 名称: 光山综合, 有效: 0, IPv4: 3, IPv6: 0, 最小延迟: -1 ms, 最高速率: 0.00 M/s, 平均速率: 0.00 M/s, 最高分辨率: None, 平均帧率: 未知, 视频编解码器: 未知, 音频编解码器: 未知
分类: 地方频道, 名称: 北京科教, 有效: 0, IPv4: 1, IPv6: 0, 最小延迟: 4 ms, 最高速率: 83.02 M/s, 平均速率: 0.00 M/s, 最高分辨率: 19x24, 平均帧率: 25.00, 视频编解码器: rawvideo, 音频编解码器: 未知
分类: 地方频道, 名称: 北京青年, 有效: 0, IPv4: 1, IPv6: 0, 最小延迟: 4 ms, 最高速率: 69.22 M/s, 平均速率: 0.00 M/s, 最高分辨率: 19x24, 平均帧率: 25.00, 视频编解码器: rawvideo, 音频编解码器: 未知
分类: 地方频道, 名称: 兰考新闻, 有效: 0, IPv4: 4, IPv6: 0, 最小延迟: -1 ms, 最高速率: 0.00 M/s, 平均速率: 0.00 M/s, 最高分辨率: None, 平均帧率: 未知, 视频编解码器: 未知, 音频编解码器: 未知
分类: 地方频道, 名称: 剑阁综合, 有效: 0, IPv4: 1, IPv6: 0, 最小延迟: 6524 ms, 最高速率: 0.29 M/s, 平均速率: 0.00 M/s, 最高分辨率: 960x528, 平均帧率: 25.00, 视频编解码器: h264, 音频编解码器: aac
分类: 地方频道, 名称: 北海新闻综合, 有效: 0, IPv4: 1, IPv6: 0, 最小延迟: 270 ms, 最高速率: 0.00 M/s, 平均速率: 0.00 M/s, 最高分辨率: None, 平均帧率: 未知, 视频编解码器: 未知, 音频编解码器: 未知
分类: 地方频道, 名称: 北京生活, 有效: 0, IPv4: 1, IPv6: 0, 最小延迟: 1500 ms, 最高速率: 0.06 M/s, 平均速率: 0.00 M/s, 最高分辨率: None, 平均帧率: 未知, 视频编解码器: 未知, 音频编解码器: aac
分类: 地方频道, 名称: 兵团八师石河子新闻综合, 有效: 0, IPv4: 1, IPv6: 0, 最小延迟: -1 ms, 最高速率: 0.00 M/s, 平均速率: 0.00 M/s, 最高分辨率: None, 平均帧率: 未知, 视频编解码器: 未知, 音频编解码器: 未知
分类: 地方频道, 名称: 叙州新闻综合, 有效: 0, IPv4: 1, IPv6: 0, 最小延迟: -1 ms, 最高速率: 0.00 M/s, 平均速率: 0.00 M/s, 最高分辨率: None, 平均帧率: 未知, 视频编解码器: 未知, 音频编解码器: 未知
分类: 地方频道, 名称: 南国都市, 有效: 1, IPv4: 1, IPv6: 0, 最小延迟: 2909 ms, 最高速率: 0.54 M/s, 平均速率: 0.54 M/s, 最高分辨率: 1920x1080, 平均帧率: 50.00, 视频编解码器: h264, 音频编解码器: aac
分类: 地方频道, 名称: 南宁公共, 有效: 0, IPv4: 1, IPv6: 0, 最小延迟: -1 ms, 最高速率: 0.00 M/s, 平均速率: 0.00 M/s, 最高分辨率: None, 平均帧率: 未知, 视频编解码器: 未知, 音频编解码器: 未知
分类: 地方频道, 名称: 双辽综合, 有效: 0, IPv4: 1, IPv6: 0, 最小延迟: 1726 ms, 最高速率: 0.03 M/s, 平均速率: 0.00 M/s, 最高分辨率: None, 平均帧率: 未知, 视频编解码器: 未知, 音频编解码器: aac
分类: 地方频道, 名称: 句容影院, 有效: 0, IPv4: 1, IPv6: 0, 最小延迟: 1090 ms, 最高速率: 0.10 M/s, 平均速率: 0.00 M/s, 最高分辨率: 720x576, 平均帧率: 25.00, 视频编解码器: h264, 音频编解码器: aac
分类: 地方频道, 名称: 古县综合, 有效: 0, IPv4: 1, IPv6: 0, 最小延迟: 1147 ms, 最高速率: 0.17 M/s, 平均速率: 0.00 M/s, 最高分辨率: None, 平均帧率: 未知, 视频编解码器: 未知, 音频编解码器: 未知
分类: 地方频道, 名称: 叶县, 有效: 0, IPv4: 2, IPv6: 0, 最小延迟: -1 ms, 最高速率: 0.00 M/s, 平均速率: 0.00 M/s, 最高分辨率: None, 平均帧率: 未知, 视频编解码器: 未知, 音频编解码器: 未知
分类: 地方频道, 名称: 合肥新闻, 有效: 0, IPv4: 1, IPv6: 0, 最小延迟: -1 ms, 最高速率: 0.00 M/s, 平均速率: 0.00 M/s, 最高分辨率: None, 平均帧率: 未知, 视频编解码器: 未知, 音频编解码器: 未知
分类: 地方频道, 名称: 句容党建, 有效: 0, IPv4: 1, IPv6: 0, 最小延迟: 942 ms, 最高速率: 0.12 M/s, 平均速率: 0.00 M/s, 最高分辨率: 720x576, 平均帧率: 25.00, 视频编解码器: h264, 音频编解码器: aac
分类: 地方频道, 名称: 吉林乡村, 有效: 0, IPv4: 1, IPv6: 0, 最小延迟: 11 ms, 最高速率: 10.27 M/s, 平均速率: 0.00 M/s, 最高分辨率: None, 平均帧率: 未知, 视频编解码器: 未知, 音频编解码器: aac
分类: 地方频道, 名称: 可克达拉综合, 有效: 0, IPv4: 1, IPv6: 0, 最小延迟: 1381 ms, 最高速率: 0.10 M/s, 平均速率: 0.00 M/s, 最高分辨率: 1920x1080, 平均帧率: 25.00, 视频编解码器: h264, 音频编解码器: aac
分类: 地方频道, 名称: 句容生活, 有效: 0, IPv4: 1, IPv6: 0, 最小延迟: -1 ms, 最高速率: 0.00 M/s, 平均速率: 0.00 M/s, 最高分辨率: None, 平均帧率: 未知, 视频编解码器: 未知, 音频编解码器: 未知
分类: 地方频道, 名称: 卫辉综合, 有效: 0, IPv4: 4, IPv6: 0, 最小延迟: -1 ms, 最高速率: 0.00 M/s, 平均速率: 0.00 M/s, 最高分辨率: None, 平均帧率: 未知, 视频编解码器: 未知, 音频编解码器: 未知
分类: 地方频道, 名称: 名山综合, 有效: 0, IPv4: 1, IPv6: 0, 最小延迟: 2230 ms, 最高速率: 0.34 M/s, 平均速率: 0.00 M/s, 最高分辨率: 1920x1080, 平均帧率: 未知, 视频编解码器: h264, 音频编解码器: aac
分类: 地方频道, 名称: 哈密一套, 有效: 0, IPv4: 1, IPv6: 0, 最小延迟: -1 ms, 最高速率: 0.00 M/s, 平均速率: 0.00 M/s, 最高分辨率: None, 平均帧率: 未知, 视频编解码器: 未知, 音频编解码器: 未知
分类: 地方频道, 名称: 哈密三套, 有效: 0, IPv4: 1, IPv6: 0, 最小延迟: -1 ms, 最高速率: 0.00 M/s, 平均速率: 0.00 M/s, 最高分辨率: None, 平均帧率: 未知, 视频编解码器: 未知, 音频编解码器: 未知
分类: 地方频道, 名称: 哈密二套, 有效: 0, IPv4: 1, IPv6: 0, 最小延迟: -1 ms, 最高速率: 0.00 M/s, 平均速率: 0.00 M/s, 最高分辨率: None, 平均帧率: 未知, 视频编解码器: 未知, 音频编解码器: 未知
分类: 地方频道, 名称: 哈尔滨娱乐, 有效: 0, IPv4: 2, IPv6: 0, 最小延迟: 1497 ms, 最高速率: 0.02 M/s, 平均速率: 0.00 M/s, 最高分辨率: 640x480, 平均帧率: 25.00, 视频编解码器: h264, 音频编解码器: aac
分类: 地方频道, 名称: 周口扶沟, 有效: 0, IPv4: 1, IPv6: 0, 最小延迟: -1 ms, 最高速率: 0.00 M/s, 平均速率: 0.00 M/s, 最高分辨率: None, 平均帧率: 未知, 视频编解码器: 未知, 音频编解码器: 未知
分类: 地方频道, 名称: 哈尔滨新闻综合, 有效: 0, IPv4: 1, IPv6: 0, 最小延迟: 4599 ms, 最高速率: 0.13 M/s, 平均速率: 0.00 M/s, 最高分辨率: 640x480, 平均帧率: 25.00, 视频编解码器: h264, 音频编解码器: aac
分类: 地方频道, 名称: 唐河一套, 有效: 0, IPv4: 3, IPv6: 0, 最小延迟: -1 ms, 最高速率: 0.00 M/s, 平均速率: 0.00 M/s, 最高分辨率: None, 平均帧率: 未知, 视频编解码器: 未知, 音频编解码器: 未知
分类: 地方频道, 名称: 哈尔滨资讯, 有效: 0, IPv4: 1, IPv6: 0, 最小延迟: 904 ms, 最高速率: 0.03 M/s, 平均速率: 0.00 M/s, 最高分辨率: 640x480, 平均帧率: 25.00, 视频编解码器: h264, 音频编解码器: aac
分类: 地方频道, 名称: 哈尔滨都市咨询, 有效: 0, IPv4: 1, IPv6: 0, 最小延迟: 820 ms, 最高速率: 0.03 M/s, 平均速率: 0.00 M/s, 最高分辨率: 640x480, 平均帧率: 25.00, 视频编解码器: h264, 音频编解码器: aac
分类: 地方频道, 名称: 哈尔滨生活, 有效: 0, IPv4: 2, IPv6: 0, 最小延迟: 3782 ms, 最高速率: 0.11 M/s, 平均速率: 0.00 M/s, 最高分辨率: 640x480, 平均帧率: 25.00, 视频编解码器: h264, 音频编解码器: aac
分类: 地方频道, 名称: 固镇新闻, 有效: 0, IPv4: 1, IPv6: 0, 最小延迟: 2978 ms, 最高速率: 0.36 M/s, 平均速率: 0.00 M/s, 最高分辨率: 1920x1080, 平均帧率: 25.00, 视频编解码器: h264, 音频编解码器: aac
分类: 地方频道, 名称: 嘉兴新闻综合, 有效: 0, IPv4: 1, IPv6: 0, 最小延迟: 3998 ms, 最高速率: 0.48 M/s, 平均速率: 0.00 M/s, 最高分辨率: 1920x1080, 平均帧率: 25.00, 视频编解码器: h264, 音频编解码器: aac
分类: 地方频道, 名称: 嘉峪关综合, 有效: 1, IPv4: 1, IPv6: 0, 最小延迟: 2213 ms, 最高速率: 0.70 M/s, 平均速率: 0.70 M/s, 最高分辨率: 1920x1080, 平均帧率: 30.00, 视频编解码器: h264, 音频编解码器: aac
分类: 地方频道, 名称: 大宁综合, 有效: 0, IPv4: 1, IPv6: 0, 最小延迟: 1294 ms, 最高速率: 0.05 M/s, 平均速率: 0.00 M/s, 最高分辨率: None, 平均帧率: 未知, 视频编解码器: 未知, 音频编解码器: aac
分类: 地方频道, 名称: 固始综合, 有效: 0, IPv4: 3, IPv6: 0, 最小延迟: -1 ms, 最高速率: 0.00 M/s, 平均速率: 0.00 M/s, 最高分辨率: None, 平均帧率: 未知, 视频编解码器: 未知, 音频编解码器: 未知
分类: 地方频道, 名称: 太谷新闻综合, 有效: 0, IPv4: 3, IPv6: 0, 最小延迟: 785 ms, 最高速率: 4.55 M/s, 平均速率: 0.00 M/s, 最高分辨率: 1024x768, 平均帧率: 25.00, 视频编解码器: h264, 音频编解码器: aac
分类: 地方频道, 名称: 天祝综合, 有效: 0, IPv4: 1, IPv6: 0, 最小延迟: 3212 ms, 最高速率: 0.42 M/s, 平均速率: 0.00 M/s, 最高分辨率: None, 平均帧率: 未知, 视频编解码器: 未知, 音频编解码器: 未知
分类: 地方频道, 名称: 安徽综艺体育, 有效: 0, IPv4: 1, IPv6: 0, 最小延迟: -1 ms, 最高速率: 0.00 M/s, 平均速率: 0.00 M/s, 最高分辨率: None, 平均帧率: 未知, 视频编解码器: 未知, 音频编解码器: 未知
分类: 地方频道, 名称: 四海钓鱼, 有效: 0, IPv4: 1, IPv6: 0, 最小延迟: 10574 ms, 最高速率: 0.00 M/s, 平均速率: 0.00 M/s, 最高分辨率: None, 平均帧率: 未知, 视频编解码器: 未知, 音频编解码器: 未知
分类: 地方频道, 名称: 宜兴新闻, 有效: 0, IPv4: 1, IPv6: 0, 最小延迟: -1 ms, 最高速率: 0.00 M/s, 平均速率: 0.00 M/s, 最高分辨率: None, 平均帧率: 未知, 视频编解码器: 未知, 音频编解码器: 未知
分类: 地方频道, 名称: 安徽导视, 有效: 0, IPv4: 1, IPv6: 0, 最小延迟: 1270 ms, 最高速率: 0.23 M/s, 平均速率: 0.00 M/s, 最高分辨率: 1920x1080, 平均帧率: 30.00, 视频编解码器: h264, 音频编解码器: aac
分类: 地方频道, 名称: 奎屯哈萨克语, 有效: 0, IPv4: 1, IPv6: 0, 最小延迟: 6002 ms, 最高速率: 0.24 M/s, 平均速率: 0.00 M/s, 最高分辨率: 1920x1080, 平均帧率: 25.00, 视频编解码器: h264, 音频编解码器: aac
分类: 地方频道, 名称: 夹江新闻综合, 有效: 0, IPv4: 1, IPv6: 0, 最小延迟: -1 ms, 最高速率: 0.00 M/s, 平均速率: 0.00 M/s, 最高分辨率: None, 平均帧率: 未知, 视频编解码器: 未知, 音频编解码器: 未知
分类: 地方频道, 名称: 宜兴紫砂, 有效: 0, IPv4: 1, IPv6: 0, 最小延迟: -1 ms, 最高速率: 0.00 M/s, 平均速率: 0.00 M/s, 最高分辨率: None, 平均帧率: 未知, 视频编解码器: 未知, 音频编解码器: 未知
分类: 地方频道, 名称: 定襄综合, 有效: 0, IPv4: 1, IPv6: 0, 最小延迟: 2550 ms, 最高速率: 0.00 M/s, 平均速率: 0.00 M/s, 最高分辨率: None, 平均帧率: 未知, 视频编解码器: 未知, 音频编解码器: 未知
分类: 地方频道, 名称: 宜阳综合, 有效: 0, IPv4: 4, IPv6: 0, 最小延迟: -1 ms, 最高速率: 0.00 M/s, 平均速率: 0.00 M/s, 最高分辨率: None, 平均帧率: 未知, 视频编解码器: 未知, 音频编解码器: 未知
分类: 地方频道, 名称: 宝丰综合, 有效: 0, IPv4: 4, IPv6: 0, 最小延迟: -1 ms, 最高速率: 0.00 M/s, 平均速率: 0.00 M/s, 最高分辨率: None, 平均帧率: 未知, 视频编解码器: 未知, 音频编解码器: 未知
分类: 地方频道, 名称: 嵩县综合新闻, 有效: 0, IPv4: 1, IPv6: 0, 最小延迟: -1 ms, 最高速率: 0.00 M/s, 平均速率: 0.00 M/s, 最高分辨率: None, 平均帧率: 未知, 视频编解码器: 未知, 音频编解码器: 未知
分类: 地方频道, 名称: 巩义新闻综合, 有效: 0, IPv4: 3, IPv6: 0, 最小延迟: -1 ms, 最高速率: 0.00 M/s, 平均速率: 0.00 M/s, 最高分辨率: None, 平均帧率: 未知, 视频编解码器: 未知, 音频编解码器: 未知
分类: 地方频道, 名称: 嵊州新闻综合, 有效: 0, IPv4: 1, IPv6: 0, 最小延迟: 1565 ms, 最高速率: 0.09 M/s, 平均速率: 0.00 M/s, 最高分辨率: 1280x720, 平均帧率: 25.00, 视频编解码器: h264, 音频编解码器: aac
分类: 地方频道, 名称: 嵊泗综合, 有效: 0, IPv4: 2, IPv6: 0, 最小延迟: 1150 ms, 最高速率: 0.14 M/s, 平均速率: 0.00 M/s, 最高分辨率: 1280x720, 平均帧率: 25.00, 视频编解码器: h264, 音频编解码器: aac
分类: 地方频道, 名称: 平湖新闻综合, 有效: 0, IPv4: 2, IPv6: 0, 最小延迟: 1216 ms, 最高速率: 0.15 M/s, 平均速率: 0.00 M/s, 最高分辨率: 1280x720, 平均帧率: 25.00, 视频编解码器: h264, 音频编解码器: aac
分类: 地方频道, 名称: 平湖民生休闲, 有效: 0, IPv4: 2, IPv6: 0, 最小延迟: 1677 ms, 最高速率: 0.09 M/s, 平均速率: 0.00 M/s, 最高分辨率: 1280x720, 平均帧率: 25.00, 视频编解码器: h264, 音频编解码器: aac
分类: 地方频道, 名称: 山东文旅, 有效: 0, IPv4: 1, IPv6: 0, 最小延迟: 10182 ms, 最高速率: 0.00 M/s, 平均速率: 0.00 M/s, 最高分辨率: None, 平均帧率: 未知, 视频编解码器: 未知, 音频编解码器: 未知
分类: 地方频道, 名称: 广州新闻, 有效: 1, IPv4: 1, IPv6: 0, 最小延迟: 2052 ms, 最高速率: 0.29 M/s, 平均速率: 0.29 M/s, 最高分辨率: 1280x720, 平均帧率: 25.00, 视频编解码器: h264, 音频编解码器: aac
分类: 地方频道, 名称: 广元公共, 有效: 1, IPv4: 1, IPv6: 0, 最小延迟: 5593 ms, 最高速率: 0.34 M/s, 平均速率: 0.34 M/s, 最高分辨率: 1280x720, 平均帧率: 25.00, 视频编解码器: h264, 音频编解码器: aac
分类: 地方频道, 名称: 常熟民生, 有效: 0, IPv4: 1, IPv6: 0, 最小延迟: -1 ms, 最高速率: 0.00 M/s, 平均速率: 0.00 M/s, 最高分辨率: None, 平均帧率: 未知, 视频编解码器: 未知, 音频编解码器: 未知
分类: 地方频道, 名称: 广元综合, 有效: 1, IPv4: 1, IPv6: 0, 最小延迟: 4615 ms, 最高速率: 0.41 M/s, 平均速率: 0.41 M/s, 最高分辨率: 1280x720, 平均帧率: 25.00, 视频编解码器: h264, 音频编解码器: aac
分类: 地方频道, 名称: 广州综合, 有效: 1, IPv4: 1, IPv6: 0, 最小延迟: 1681 ms, 最高速率: 0.38 M/s, 平均速率: 0.38 M/s, 最高分辨率: 1280x720, 平均帧率: 25.00, 视频编解码器: h264, 音频编解码器: aac
分类: 地方频道, 名称: 广东民生, 有效: 0, IPv4: 1, IPv6: 0, 最小延迟: 10407 ms, 最高速率: 0.05 M/s, 平均速率: 0.00 M/s, 最高分辨率: None, 平均帧率: 未知, 视频编解码器: 未知, 音频编解码器: 未知
分类: 地方频道, 名称: 广德生活, 有效: 0, IPv4: 1, IPv6: 0, 最小延迟: 3062 ms, 最高速率: 0.08 M/s, 平均速率: 0.00 M/s, 最高分辨率: 1920x1080, 平均帧率: 30.00, 视频编解码器: h264, 音频编解码器: aac
分类: 地方频道, 名称: 庆元新闻综合, 有效: 0, IPv4: 1, IPv6: 0, 最小延迟: 1426 ms, 最高速率: 0.13 M/s, 平均速率: 0.00 M/s, 最高分辨率: None, 平均帧率: 未知, 视频编解码器: 未知, 音频编解码器: 未知
分类: 地方频道, 名称: 广州竞赛, 有效: 0, IPv4: 1, IPv6: 0, 最小延迟: 10173 ms, 最高速率: 0.01 M/s, 平均速率: 0.00 M/s, 最高分辨率: 1280x720, 平均帧率: 25.00, 视频编解码器: h264, 音频编解码器: aac
分类: 地方频道, 名称: 庆元综合, 有效: 0, IPv4: 2, IPv6: 0, 最小延迟: 1136 ms, 最高速率: 0.14 M/s, 平均速率: 0.00 M/s, 最高分辨率: 1920x1080, 平均帧率: 25.00, 视频编解码器: h264, 音频编解码器: aac
分类: 地方频道, 名称: 延边2, 有效: 0, IPv4: 1, IPv6: 0, 最小延迟: 1853 ms, 最高速率: 0.07 M/s, 平均速率: 0.00 M/s, 最高分辨率: 320x240, 平均帧率: 25.00, 视频编解码器: h264, 音频编解码器: aac
分类: 地方频道, 名称: 开封文化旅游, 有效: 0, IPv4: 3, IPv6: 0, 最小延迟: -1 ms, 最高速率: 0.00 M/s, 平均速率: 0.00 M/s, 最高分辨率: None, 平均帧率: 未知, 视频编解码器: 未知, 音频编解码器: 未知
分类: 地方频道, 名称: 开封新闻综合, 有效: 0, IPv4: 1, IPv6: 0, 最小延迟: -1 ms, 最高速率: 0.00 M/s, 平均速率: 0.00 M/s, 最高分辨率: None, 平均帧率: 未知, 视频编解码器: 未知, 音频编解码器: 未知
分类: 地方频道, 名称: 开化新闻综合, 有效: 0, IPv4: 1, IPv6: 0, 最小延迟: 1227 ms, 最高速率: 0.15 M/s, 平均速率: 0.00 M/s, 最高分辨率: 1280x720, 平均帧率: 25.00, 视频编解码器: h264, 音频编解码器: aac
分类: 地方频道, 名称: 扶沟综合, 有效: 0, IPv4: 3, IPv6: 0, 最小延迟: -1 ms, 最高速率: 0.00 M/s, 平均速率: 0.00 M/s, 最高分辨率: None, 平均帧率: 未知, 视频编解码器: 未知, 音频编解码器: 未知
分类: 地方频道, 名称: 德惠综合, 有效: 0, IPv4: 1, IPv6: 0, 最小延迟: 2140 ms, 最高速率: 0.11 M/s, 平均速率: 0.00 M/s, 最高分辨率: 720x576, 平均帧率: 25.00, 视频编解码器: h264, 音频编解码器: aac
分类: 地方频道, 名称: 开化国家公园, 有效: 0, IPv4: 4, IPv6: 0, 最小延迟: 1157 ms, 最高速率: 0.15 M/s, 平均速率: 0.00 M/s, 最高分辨率: 1280x720, 平均帧率: 25.00, 视频编解码器: h264, 音频编解码器: aac
分类: 地方频道, 名称: 敦化一套, 有效: 0, IPv4: 1, IPv6: 0, 最小延迟: 885 ms, 最高速率: 0.09 M/s, 平均速率: 0.00 M/s, 最高分辨率: 320x240, 平均帧率: 25.00, 视频编解码器: h264, 音频编解码器: aac
分类: 地方频道, 名称: 数码时代, 有效: 1, IPv4: 1, IPv6: 0, 最小延迟: 1050 ms, 最高速率: 0.22 M/s, 平均速率: 0.22 M/s, 最高分辨率: 1280x720, 平均帧率: 25.00, 视频编解码器: h264, 音频编解码器: aac
分类: 地方频道, 名称: 怀仁综合, 有效: 0, IPv4: 1, IPv6: 0, 最小延迟: 1932 ms, 最高速率: 0.30 M/s, 平均速率: 0.00 M/s, 最高分辨率: 1920x1080, 平均帧率: 未知, 视频编解码器: h264, 音频编解码器: aac
分类: 地方频道, 名称: 新乡县电视台, 有效: 0, IPv4: 1, IPv6: 0, 最小延迟: -1 ms, 最高速率: 0.00 M/s, 平均速率: 0.00 M/s, 最高分辨率: None, 平均帧率: 未知, 视频编解码器: 未知, 音频编解码器: 未知
分类: 地方频道, 名称: 文成新闻综合, 有效: 0, IPv4: 1, IPv6: 0, 最小延迟: 1675 ms, 最高速率: 0.11 M/s, 平均速率: 0.00 M/s, 最高分辨率: 1280x720, 平均帧率: 25.00, 视频编解码器: h264, 音频编解码器: aac
分类: 地方频道, 名称: 新安新闻综合, 有效: 0, IPv4: 3, IPv6: 0, 最小延迟: -1 ms, 最高速率: 0.00 M/s, 平均速率: 0.00 M/s, 最高分辨率: None, 平均帧率: 未知, 视频编解码器: 未知, 音频编解码器: 未知
分类: 地方频道, 名称: 成县综合, 有效: 0, IPv4: 1, IPv6: 0, 最小延迟: -1 ms, 最高速率: 0.00 M/s, 平均速率: 0.00 M/s, 最高分辨率: None, 平均帧率: 未知, 视频编解码器: 未知, 音频编解码器: 未知
分类: 地方频道, 名称: 文成综合, 有效: 0, IPv4: 2, IPv6: 0, 最小延迟: 1684 ms, 最高速率: 0.09 M/s, 平均速率: 0.00 M/s, 最高分辨率: 1280x720, 平均帧率: 25.00, 视频编解码器: h264, 音频编解码器: aac
分类: 地方频道, 名称: 新野综合, 有效: 0, IPv4: 3, IPv6: 0, 最小延迟: -1 ms, 最高速率: 0.00 M/s, 平均速率: 0.00 M/s, 最高分辨率: None, 平均帧率: 未知, 视频编解码器: 未知, 音频编解码器: 未知
分类: 地方频道, 名称: 新昌生活, 有效: 0, IPv4: 1, IPv6: 0, 最小延迟: 2670 ms, 最高速率: 0.06 M/s, 平均速率: 0.00 M/s, 最高分辨率: 1920x1080, 平均帧率: 25.00, 视频编解码器: h264, 音频编解码器: aac
分类: 地方频道, 名称: 方城一套, 有效: 0, IPv4: 2, IPv6: 0, 最小延迟: -1 ms, 最高速率: 0.00 M/s, 平均速率: 0.00 M/s, 最高分辨率: None, 平均帧率: 未知, 视频编解码器: 未知, 音频编解码器: 未知
分类: 地方频道, 名称: 新昌新闻综合, 有效: 0, IPv4: 1, IPv6: 0, 最小延迟: 4059 ms, 最高速率: 0.13 M/s, 平均速率: 0.00 M/s, 最高分辨率: 1920x1080, 平均帧率: 25.00, 视频编解码器: h264, 音频编解码器: aac
分类: 地方频道, 名称: 易门综合, 有效: 0, IPv4: 1, IPv6: 0, 最小延迟: 2656 ms, 最高速率: 0.35 M/s, 平均速率: 0.00 M/s, 最高分辨率: 1920x1080, 平均帧率: 30.00, 视频编解码器: h264, 音频编解码器: aac
分类: 地方频道, 名称: 普陀新闻综合, 有效: 0, IPv4: 1, IPv6: 0, 最小延迟: 2922 ms, 最高速率: 0.07 M/s, 平均速率: 0.00 M/s, 最高分辨率: 1280x720, 平均帧率: 未知, 视频编解码器: h264, 音频编解码器: aac
分类: 地方频道, 名称: 新闻综合, 有效: 0, IPv4: 1, IPv6: 0, 最小延迟: 5256 ms, 最高速率: 0.39 M/s, 平均速率: 0.00 M/s, 最高分辨率: None, 平均帧率: 未知, 视频编解码器: 未知, 音频编解码器: 未知
分类: 地方频道, 名称: 新县综合, 有效: 0, IPv4: 3, IPv6: 0, 最小延迟: -1 ms, 最高速率: 0.00 M/s, 平均速率: 0.00 M/s, 最高分辨率: None, 平均帧率: 未知, 视频编解码器: 未知, 音频编解码器: 未知
分类: 地方频道, 名称: 普陀电视台, 有效: 0, IPv4: 1, IPv6: 0, 最小延迟: 3774 ms, 最高速率: 0.18 M/s, 平均速率: 0.00 M/s, 最高分辨率: 1280x720, 平均帧率: 未知, 视频编解码器: h264, 音频编解码器: aac
分类: 地方频道, 名称: 新蔡综合, 有效: 0, IPv4: 4, IPv6: 0, 最小延迟: -1 ms, 最高速率: 0.00 M/s, 平均速率: 0.00 M/s, 最高分辨率: None, 平均帧率: 未知, 视频编解码器: 未知, 音频编解码器: 未知
分类: 地方频道, 名称: 景泰综合, 有效: 0, IPv4: 1, IPv6: 0, 最小延迟: -1 ms, 最高速率: 0.00 M/s, 平均速率: 0.00 M/s, 最高分辨率: None, 平均帧率: 未知, 视频编解码器: 未知, 音频编解码器: 未知
分类: 地方频道, 名称: 朝天综合, 有效: 0, IPv4: 1, IPv6: 0, 最小延迟: 7973 ms, 最高速率: 0.32 M/s, 平均速率: 0.00 M/s, 最高分辨率: 960x528, 平均帧率: 25.00, 视频编解码器: h264, 音频编解码器: aac
分类: 地方频道, 名称: 松阳综合, 有效: 0, IPv4: 2, IPv6: 0, 最小延迟: 1231 ms, 最高速率: 0.12 M/s, 平均速率: 0.00 M/s, 最高分辨率: 1920x1080, 平均帧率: 25.00, 视频编解码器: h264, 音频编解码器: aac
分类: 地方频道, 名称: 柳河综合, 有效: 0, IPv4: 1, IPv6: 0, 最小延迟: 2392 ms, 最高速率: 0.03 M/s, 平均速率: 0.00 M/s, 最高分辨率: None, 平均帧率: 未知, 视频编解码器: 未知, 音频编解码器: aac
分类: 地方频道, 名称: 来宾综合, 有效: 0, IPv4: 1, IPv6: 0, 最小延迟: 10631 ms, 最高速率: 0.25 M/s, 平均速率: 0.00 M/s, 最高分辨率: 1920x1080, 平均帧率: 25.00, 视频编解码器: h264, 音频编解码器: aac
分类: 地方频道, 名称: 梅河口综合, 有效: 0, IPv4: 1, IPv6: 0, 最小延迟: 617 ms, 最高速率: 0.06 M/s, 平均速率: 0.00 M/s, 最高分辨率: None, 平均帧率: 未知, 视频编解码器: 未知, 音频编解码器: aac
分类: 地方频道, 名称: 桦甸综合, 有效: 0, IPv4: 1, IPv6: 0, 最小延迟: 1630 ms, 最高速率: 0.04 M/s, 平均速率: 0.00 M/s, 最高分辨率: None, 平均帧率: 未知, 视频编解码器: 未知, 音频编解码器: aac
分类: 地方频道, 名称: 武乡新闻综合, 有效: 0, IPv4: 1, IPv6: 0, 最小延迟: -1 ms, 最高速率: 0.00 M/s, 平均速率: 0.00 M/s, 最高分辨率: None, 平均帧率: 未知, 视频编解码器: 未知, 音频编解码器: 未知
分类: 地方频道, 名称: 梨园, 有效: 1, IPv4: 1, IPv6: 0, 最小延迟: 2237 ms, 最高速率: 0.52 M/s, 平均速率: 0.52 M/s, 最高分辨率: 1920x1080, 平均帧率: 25.00, 视频编解码器: h264, 音频编解码器: aac
分类: 地方频道, 名称: 武义新闻综合, 有效: 0, IPv4: 2, IPv6: 0, 最小延迟: 1153 ms, 最高速率: 0.13 M/s, 平均速率: 0.00 M/s, 最高分辨率: 720x576, 平均帧率: 未知, 视频编解码器: h264, 音频编解码器: aac
分类: 地方频道, 名称: 朝阳新闻综合, 有效: 0, IPv4: 1, IPv6: 0, 最小延迟: 10007 ms, 最高速率: 0.00 M/s, 平均速率: 0.00 M/s, 最高分辨率: None, 平均帧率: 未知, 视频编解码器: 未知, 音频编解码器: 未知
分类: 地方频道, 名称: 永城综合, 有效: 0, IPv4: 1, IPv6: 0, 最小延迟: -1 ms, 最高速率: 0.00 M/s, 平均速率: 0.00 M/s, 最高分辨率: None, 平均帧率: 未知, 视频编解码器: 未知, 音频编解码器: 未知
分类: 地方频道, 名称: 武威新闻, 有效: 0, IPv4: 1, IPv6: 0, 最小延迟: -1 ms, 最高速率: 0.00 M/s, 平均速率: 0.00 M/s, 最高分辨率: None, 平均帧率: 未知, 视频编解码器: 未知, 音频编解码器: 未知
分类: 地方频道, 名称: 武进新闻, 有效: 0, IPv4: 1, IPv6: 0, 最小延迟: 5218 ms, 最高速率: 0.07 M/s, 平均速率: 0.00 M/s, 最高分辨率: 720x576, 平均帧率: 25.00, 视频编解码器: h264, 音频编解码器: aac
分类: 地方频道, 名称: 永嘉新闻综合, 有效: 0, IPv4: 1, IPv6: 0, 最小延迟: 1317 ms, 最高速率: 0.08 M/s, 平均速率: 0.00 M/s, 最高分辨率: 1920x1080, 平均帧率: 25.00, 视频编解码器: h264, 音频编解码器: aac
分类: 地方频道, 名称: 武进生活, 有效: 0, IPv4: 1, IPv6: 0, 最小延迟: 8441 ms, 最高速率: 0.09 M/s, 平均速率: 0.00 M/s, 最高分辨率: 720x576, 平均帧率: 25.00, 视频编解码器: h264, 音频编解码器: aac
分类: 地方频道, 名称: 沁阳新闻综合, 有效: 0, IPv4: 1, IPv6: 0, 最小延迟: -1 ms, 最高速率: 0.00 M/s, 平均速率: 0.00 M/s, 最高分辨率: None, 平均帧率: 未知, 视频编解码器: 未知, 音频编解码器: 未知
分类: 地方频道, 名称: 汪清综合, 有效: 0, IPv4: 1, IPv6: 0, 最小延迟: 2665 ms, 最高速率: 0.06 M/s, 平均速率: 0.00 M/s, 最高分辨率: 320x240, 平均帧率: 25.00, 视频编解码器: h264, 音频编解码器: aac
分类: 地方频道, 名称: 江夏新闻综合, 有效: 0, IPv4: 1, IPv6: 0, 最小延迟: 2973 ms, 最高速率: 0.04 M/s, 平均速率: 0.00 M/s, 最高分辨率: 720x576, 平均帧率: 25.00, 视频编解码器: h264, 音频编解码器: aac
分类: 地方频道, 名称: 永昌综合, 有效: 1, IPv4: 2, IPv6: 0, 最小延迟: 2143 ms, 最高速率: 0.60 M/s, 平均速率: 0.60 M/s, 最高分辨率: 1920x1080, 平均帧率: 27.50, 视频编解码器: h264, 音频编解码器: aac
分类: 地方频道, 名称: 河北都市, 有效: 0, IPv4: 1, IPv6: 0, 最小延迟: 1359 ms, 最高速率: 0.08 M/s, 平均速率: 0.00 M/s, 最高分辨率: None, 平均帧率: 未知, 视频编解码器: 未知, 音频编解码器: aac
分类: 地方频道, 名称: 河源公共, 有效: 0, IPv4: 1, IPv6: 0, 最小延迟: 10300 ms, 最高速率: 0.09 M/s, 平均速率: 0.00 M/s, 最高分辨率: 960x540, 平均帧率: 25.00, 视频编解码器: h264, 音频编解码器: aac
分类: 地方频道, 名称: 河源综合, 有效: 0, IPv4: 1, IPv6: 0, 最小延迟: 10705 ms, 最高速率: 0.07 M/s, 平均速率: 0.00 M/s, 最高分辨率: 960x540, 平均帧率: 25.00, 视频编解码器: h264, 音频编解码器: aac
分类: 地方频道, 名称: 洞头综合, 有效: 0, IPv4: 2, IPv6: 0, 最小延迟: 1125 ms, 最高速率: 0.12 M/s, 平均速率: 0.00 M/s, 最高分辨率: 720x540, 平均帧率: 25.00, 视频编解码器: h264, 音频编解码器: aac
分类: 地方频道, 名称: 济源电视一套, 有效: 0, IPv4: 2, IPv6: 0, 最小延迟: -1 ms, 最高速率: 0.00 M/s, 平均速率: 0.00 M/s, 最高分辨率: None, 平均帧率: 未知, 视频编解码器: 未知, 音频编解码器: 未知
分类: 地方频道, 名称: 泌阳新闻综合, 有效: 0, IPv4: 3, IPv6: 0, 最小延迟: -1 ms, 最高速率: 0.00 M/s, 平均速率: 0.00 M/s, 最高分辨率: None, 平均帧率: 未知, 视频编解码器: 未知, 音频编解码器: 未知
分类: 地方频道, 名称: 浙江休闲台, 有效: 0, IPv4: 1, IPv6: 0, 最小延迟: 1034 ms, 最高速率: 0.20 M/s, 平均速率: 0.00 M/s, 最高分辨率: 1280x720, 平均帧率: 25.00, 视频编解码器: h264, 音频编解码器: aac
分类: 地方频道, 名称: 泗洪新闻综合, 有效: 0, IPv4: 1, IPv6: 0, 最小延迟: -1 ms, 最高速率: 0.00 M/s, 平均速率: 0.00 M/s, 最高分辨率: None, 平均帧率: 未知, 视频编解码器: 未知, 音频编解码器: 未知
分类: 地方频道, 名称: 津南一套, 有效: 0, IPv4: 1, IPv6: 0, 最小延迟: 10 ms, 最高速率: 25.25 M/s, 平均速率: 0.00 M/s, 最高分辨率: 720x576, 平均帧率: 25.00, 视频编解码器: h264, 音频编解码器: aac
分类: 地方频道, 名称: 浙江公共新闻, 有效: 0, IPv4: 2, IPv6: 0, 最小延迟: 1065 ms, 最高速率: 0.35 M/s, 平均速率: 0.00 M/s, 最高分辨率: 1920x1080, 平均帧率: 25.00, 视频编解码器: h264, 音频编解码器: aac
分类: 地方频道, 名称: 泗阳综合, 有效: 0, IPv4: 1, IPv6: 0, 最小延迟: -1 ms, 最高速率: 0.00 M/s, 平均速率: 0.00 M/s, 最高分辨率: None, 平均帧率: 未知, 视频编解码器: 未知, 音频编解码器: 未知
分类: 地方频道, 名称: 浙江国际, 有效: 1, IPv4: 3, IPv6: 0, 最小延迟: 1016 ms, 最高速率: 0.37 M/s, 平均速率: 0.21 M/s, 最高分辨率: 1920x1080, 平均帧率: 25.00, 视频编解码器: h264, 音频编解码器: aac
分类: 地方频道, 名称: 浙江教科, 有效: 0, IPv4: 1, IPv6: 0, 最小延迟: 1015 ms, 最高速率: 0.15 M/s, 平均速率: 0.00 M/s, 最高分辨率: 1920x1080, 平均帧率: 25.00, 视频编解码器: h264, 音频编解码器: aac
分类: 地方频道, 名称: 浙江教育, 有效: 1, IPv4: 1, IPv6: 0, 最小延迟: 1097 ms, 最高速率: 0.22 M/s, 平均速率: 0.22 M/s, 最高分辨率: 1280x720, 平均帧率: 25.00, 视频编解码器: h264, 音频编解码器: aac
分类: 地方频道, 名称: 浙江数码时代, 有效: 1, IPv4: 1, IPv6: 0, 最小延迟: 1031 ms, 最高速率: 0.23 M/s, 平均速率: 0.23 M/s, 最高分辨率: 1280x720, 平均帧率: 25.00, 视频编解码器: h264, 音频编解码器: aac
分类: 地方频道, 名称: 浙江新闻, 有效: 2, IPv4: 4, IPv6: 0, 最小延迟: 1073 ms, 最高速率: 0.30 M/s, 平均速率: 0.22 M/s, 最高分辨率: 1920x1080, 平均帧率: 25.00, 视频编解码器: h264, 音频编解码器: aac
分类: 地方频道, 名称: 浙江民生, 有效: 0, IPv4: 4, IPv6: 0, 最小延迟: 1029 ms, 最高速率: 0.37 M/s, 平均速率: 0.00 M/s, 最高分辨率: 1920x1080, 平均帧率: 25.00, 视频编解码器: h264, 音频编解码器: aac
分类: 地方频道, 名称: 浙江留学, 有效: 0, IPv4: 1, IPv6: 0, 最小延迟: 2107 ms, 最高速率: 0.06 M/s, 平均速率: 0.00 M/s, 最高分辨率: 640x360, 平均帧率: 25.00, 视频编解码器: h264, 音频编解码器: aac
分类: 地方频道, 名称: 浙江民生休闲, 有效: 0, IPv4: 2, IPv6: 0, 最小延迟: 1924 ms, 最高速率: 0.31 M/s, 平均速率: 0.00 M/s, 最高分辨率: 1920x1080, 平均帧率: 25.00, 视频编解码器: h264, 音频编解码器: aac
分类: 地方频道, 名称: 浙江经济, 有效: 1, IPv4: 3, IPv6: 0, 最小延迟: 1005 ms, 最高速率: 0.32 M/s, 平均速率: 0.22 M/s, 最高分辨率: 1920x1080, 平均帧率: 25.00, 视频编解码器: h264, 音频编解码器: aac
分类: 地方频道, 名称: 浙江经济生活, 有效: 0, IPv4: 4, IPv6: 0, 最小延迟: 1058 ms, 最高速率: 0.19 M/s, 平均速率: 0.00 M/s, 最高分辨率: 1920x1080, 平均帧率: 25.00, 视频编解码器: h264, 音频编解码器: aac
分类: 地方频道, 名称: 浙江经视, 有效: 0, IPv4: 2, IPv6: 0, 最小延迟: 1046 ms, 最高速率: 0.44 M/s, 平均速率: 0.00 M/s, 最高分辨率: 1920x1080, 平均帧率: 25.00, 视频编解码器: h264, 音频编解码器: aac
分类: 地方频道, 名称: 浙江钱江频道, 有效: 0, IPv4: 1, IPv6: 0, 最小延迟: 1025 ms, 最高速率: 0.20 M/s, 平均速率: 0.00 M/s, 最高分辨率: 1920x1080, 平均帧率: 25.00, 视频编解码器: h264, 音频编解码器: aac
分类: 地方频道, 名称: 浙江钱江都市, 有效: 0, IPv4: 1, IPv6: 0, 最小延迟: 1537 ms, 最高速率: 0.25 M/s, 平均速率: 0.00 M/s, 最高分辨率: 1920x1080, 平均帧率: 25.00, 视频编解码器: h264, 音频编解码器: aac
分类: 地方频道, 名称: 海宁新闻综合, 有效: 1, IPv4: 1, IPv6: 0, 最小延迟: 1095 ms, 最高速率: 0.35 M/s, 平均速率: 0.35 M/s, 最高分辨率: 1280x720, 平均帧率: 25.00, 视频编解码器: h264, 音频编解码器: aac
分类: 地方频道, 名称: 浙江钱江, 有效: 0, IPv4: 1, IPv6: 0, 最小延迟: 2727 ms, 最高速率: 0.07 M/s, 平均速率: 0.00 M/s, 最高分辨率: 1920x1080, 平均帧率: 25.00, 视频编解码器: h264, 音频编解码器: aac
分类: 地方频道, 名称: 浙江遂昌, 有效: 0, IPv4: 1, IPv6: 0, 最小延迟: 1936 ms, 最高速率: 0.09 M/s, 平均速率: 0.00 M/s, 最高分辨率: 1920x1080, 平均帧率: 25.00, 视频编解码器: h264, 音频编解码器: aac
分类: 地方频道, 名称: 涟水电视台综合, 有效: 0, IPv4: 2, IPv6: 0, 最小延迟: -1 ms, 最高速率: 0.00 M/s, 平均速率: 0.00 M/s, 最高分辨率: None, 平均帧率: 未知, 视频编解码器: 未知, 音频编解码器: 未知
分类: 地方频道, 名称: 淅川电视, 有效: 0, IPv4: 1, IPv6: 0, 最小延迟: -1 ms, 最高速率: 0.00 M/s, 平均速率: 0.00 M/s, 最高分辨率: None, 平均帧率: 未知, 视频编解码器: 未知, 音频编解码器: 未知
分类: 地方频道, 名称: 淮安影院娱乐, 有效: 0, IPv4: 2, IPv6: 0, 最小延迟: -1 ms, 最高速率: 0.00 M/s, 平均速率: 0.00 M/s, 最高分辨率: None, 平均帧率: 未知, 视频编解码器: 未知, 音频编解码器: 未知
分类: 地方频道, 名称: 湖南国际, 有效: 0, IPv4: 1, IPv6: 0, 最小延迟: -1 ms, 最高速率: 0.00 M/s, 平均速率: 0.00 M/s, 最高分辨率: None, 平均帧率: 未知, 视频编解码器: 未知, 音频编解码器: 未知
分类: 地方频道, 名称: 湖南电视剧, 有效: 0, IPv4: 1, IPv6: 0, 最小延迟: -1 ms, 最高速率: 0.00 M/s, 平均速率: 0.00 M/s, 最高分辨率: None, 平均帧率: 未知, 视频编解码器: 未知, 音频编解码器: 未知
分类: 地方频道, 名称: 湖州文化娱乐, 有效: 0, IPv4: 1, IPv6: 0, 最小延迟: 1604 ms, 最高速率: 0.10 M/s, 平均速率: 0.00 M/s, 最高分辨率: 1280x720, 平均帧率: 29.97, 视频编解码器: h264, 音频编解码器: aac
分类: 地方频道, 名称: 滑县新闻, 有效: 0, IPv4: 1, IPv6: 0, 最小延迟: -1 ms, 最高速率: 0.00 M/s, 平均速率: 0.00 M/s, 最高分辨率: None, 平均帧率: 未知, 视频编解码器: 未知, 音频编解码器: 未知
分类: 地方频道, 名称: 湖州公共民生, 有效: 0, IPv4: 1, IPv6: 0, 最小延迟: 1196 ms, 最高速率: 0.12 M/s, 平均速率: 0.00 M/s, 最高分辨率: 1280x720, 平均帧率: 25.00, 视频编解码器: h264, 音频编解码器: aac
分类: 地方频道, 名称: 滨海新闻综合, 有效: 0, IPv4: 1, IPv6: 0, 最小延迟: -1 ms, 最高速率: 0.00 M/s, 平均速率: 0.00 M/s, 最高分辨率: None, 平均帧率: 未知, 视频编解码器: 未知, 音频编解码器: 未知
分类: 地方频道, 名称: 灵宝新闻综合, 有效: 0, IPv4: 1, IPv6: 0, 最小延迟: -1 ms, 最高速率: 0.00 M/s, 平均速率: 0.00 M/s, 最高分辨率: None, 平均帧率: 未知, 视频编解码器: 未知, 音频编解码器: 未知
分类: 地方频道, 名称: 湖州新闻综合, 有效: 0, IPv4: 1, IPv6: 0, 最小延迟: 1142 ms, 最高速率: 0.14 M/s, 平均速率: 0.00 M/s, 最高分辨率: 1280x720, 平均帧率: 29.97, 视频编解码器: h264, 音频编解码器: aac
分类: 地方频道, 名称: 渑池新闻综合, 有效: 0, IPv4: 3, IPv6: 0, 最小延迟: -1 ms, 最高速率: 0.00 M/s, 平均速率: 0.00 M/s, 最高分辨率: None, 平均帧率: 未知, 视频编解码器: 未知, 音频编解码器: 未知
分类: 地方频道, 名称: 温县综合, 有效: 0, IPv4: 4, IPv6: 0, 最小延迟: -1 ms, 最高速率: 0.00 M/s, 平均速率: 0.00 M/s, 最高分辨率: None, 平均帧率: 未知, 视频编解码器: 未知, 音频编解码器: 未知
分类: 地方频道, 名称: 烟台公共, 有效: 0, IPv4: 1, IPv6: 0, 最小延迟: -1 ms, 最高速率: 0.00 M/s, 平均速率: 0.00 M/s, 最高分辨率: None, 平均帧率: 未知, 视频编解码器: 未知, 音频编解码器: 未知
分类: 地方频道, 名称: 潢川综合, 有效: 0, IPv4: 3, IPv6: 0, 最小延迟: -1 ms, 最高速率: 0.00 M/s, 平均速率: 0.00 M/s, 最高分辨率: None, 平均帧率: 未知, 视频编解码器: 未知, 音频编解码器: 未知
分类: 地方频道, 名称: 烟台新闻综合, 有效: 0, IPv4: 1, IPv6: 0, 最小延迟: -1 ms, 最高速率: 0.00 M/s, 平均速率: 0.00 M/s, 最高分辨率: None, 平均帧率: 未知, 视频编解码器: 未知, 音频编解码器: 未知
分类: 地方频道, 名称: 玛纳斯综合, 有效: 0, IPv4: 1, IPv6: 0, 最小延迟: 10035 ms, 最高速率: 0.08 M/s, 平均速率: 0.00 M/s, 最高分辨率: 1920x1080, 平均帧率: 25.00, 视频编解码器: h264, 音频编解码器: aac
分类: 地方频道, 名称: 甘南县综合, 有效: 0, IPv4: 1, IPv6: 0, 最小延迟: 1549 ms, 最高速率: 0.02 M/s, 平均速率: 0.00 M/s, 最高分辨率: 640x480, 平均帧率: 25.00, 视频编解码器: h264, 音频编解码器: aac
分类: 地方频道, 名称: 烟台经济科技, 有效: 0, IPv4: 1, IPv6: 0, 最小延迟: -1 ms, 最高速率: 0.00 M/s, 平均速率: 0.00 M/s, 最高分辨率: None, 平均帧率: 未知, 视频编解码器: 未知, 音频编解码器: 未知
分类: 地方频道, 名称: 甘肃经济, 有效: 0, IPv4: 1, IPv6: 0, 最小延迟: 12 ms, 最高速率: 9.34 M/s, 平均速率: 0.00 M/s, 最高分辨率: None, 平均帧率: 未知, 视频编解码器: 未知, 音频编解码器: aac
分类: 地方频道, 名称: 甘肃都市, 有效: 0, IPv4: 1, IPv6: 0, 最小延迟: 11 ms, 最高速率: 9.87 M/s, 平均速率: 0.00 M/s, 最高分辨率: None, 平均帧率: 未知, 视频编解码器: 未知, 音频编解码器: aac
分类: 地方频道, 名称: 生态环境, 有效: 0, IPv4: 1, IPv6: 0, 最小延迟: -1 ms, 最高速率: 0.00 M/s, 平均速率: 0.00 M/s, 最高分辨率: None, 平均帧率: 未知, 视频编解码器: 未知, 音频编解码器: 未知
分类: 地方频道, 名称: 璧山综合, 有效: 0, IPv4: 1, IPv6: 0, 最小延迟: 9190 ms, 最高速率: 0.35 M/s, 平均速率: 0.00 M/s, 最高分辨率: 1920x1080, 平均帧率: 25.00, 视频编解码器: h264, 音频编解码器: aac
分类: 地方频道, 名称: 甘孜综合, 有效: 0, IPv4: 1, IPv6: 0, 最小延迟: -1 ms, 最高速率: 0.00 M/s, 平均速率: 0.00 M/s, 最高分辨率: None, 平均帧率: 未知, 视频编解码器: 未知, 音频编解码器: 未知
分类: 地方频道, 名称: 环球旅游, 有效: 0, IPv4: 1, IPv6: 0, 最小延迟: 10859 ms, 最高速率: 0.00 M/s, 平均速率: 0.00 M/s, 最高分辨率: None, 平均帧率: 未知, 视频编解码器: 未知, 音频编解码器: 未知
分类: 地方频道, 名称: 磐石综合, 有效: 0, IPv4: 1, IPv6: 0, 最小延迟: 1083 ms, 最高速率: 0.05 M/s, 平均速率: 0.00 M/s, 最高分辨率: None, 平均帧率: 未知, 视频编解码器: 未知, 音频编解码器: aac
分类: 地方频道, 名称: 祁县新闻综合, 有效: 0, IPv4: 1, IPv6: 0, 最小延迟: -1 ms, 最高速率: 0.00 M/s, 平均速率: 0.00 M/s, 最高分辨率: None, 平均帧率: 未知, 视频编解码器: 未知, 音频编解码器: 未知
分类: 地方频道, 名称: 福建新闻, 有效: 0, IPv4: 1, IPv6: 0, 最小延迟: 7 ms, 最高速率: 14.39 M/s, 平均速率: 0.00 M/s, 最高分辨率: None, 平均帧率: 未知, 视频编解码器: 未知, 音频编解码器: aac
分类: 地方频道, 名称: 禹州综合, 有效: 0, IPv4: 1, IPv6: 0, 最小延迟: -1 ms, 最高速率: 0.00 M/s, 平均速率: 0.00 M/s, 最高分辨率: None, 平均帧率: 未知, 视频编解码器: 未知, 音频编解码器: 未知
分类: 地方频道, 名称: 福建经济, 有效: 0, IPv4: 1, IPv6: 0, 最小延迟: 6 ms, 最高速率: 14.40 M/s, 平均速率: 0.00 M/s, 最高分辨率: None, 平均帧率: 未知, 视频编解码器: 未知, 音频编解码器: aac
分类: 地方频道, 名称: 番禺综合, 有效: 0, IPv4: 1, IPv6: 0, 最小延迟: -1 ms, 最高速率: 0.00 M/s, 平均速率: 0.00 M/s, 最高分辨率: None, 平均帧率: 未知, 视频编解码器: 未知, 音频编解码器: 未知
分类: 地方频道, 名称: 登封综合, 有效: 0, IPv4: 3, IPv6: 0, 最小延迟: -1 ms, 最高速率: 0.00 M/s, 平均速率: 0.00 M/s, 最高分辨率: None, 平均帧率: 未知, 视频编解码器: 未知, 音频编解码器: 未知
分类: 地方频道, 名称: 白银综合, 有效: 2, IPv4: 2, IPv6: 0, 最小延迟: 2284 ms, 最高速率: 0.81 M/s, 平均速率: 0.79 M/s, 最高分辨率: 1920x1080, 平均帧率: 30.00, 视频编解码器: h264, 音频编解码器: aac
分类: 地方频道, 名称: 第一财经, 有效: 0, IPv4: 1, IPv6: 0, 最小延迟: 7 ms, 最高速率: 14.83 M/s, 平均速率: 0.00 M/s, 最高分辨率: None, 平均帧率: 未知, 视频编解码器: 未知, 音频编解码器: aac
分类: 地方频道, 名称: 缙云新闻综合, 有效: 0, IPv4: 1, IPv6: 0, 最小延迟: 1109 ms, 最高速率: 0.12 M/s, 平均速率: 0.00 M/s, 最高分辨率: 1280x720, 平均帧率: 25.00, 视频编解码器: h264, 音频编解码器: aac
分类: 地方频道, 名称: 秦安综合, 有效: 0, IPv4: 2, IPv6: 0, 最小延迟: -1 ms, 最高速率: 0.00 M/s, 平均速率: 0.00 M/s, 最高分辨率: None, 平均帧率: 未知, 视频编解码器: 未知, 音频编解码器: 未知
分类: 地方频道, 名称: 绍兴电视台公共, 有效: 0, IPv4: 1, IPv6: 0, 最小延迟: 6930 ms, 最高速率: 0.14 M/s, 平均速率: 0.00 M/s, 最高分辨率: 1280x720, 平均帧率: 30.00, 视频编解码器: h264, 音频编解码器: aac
分类: 地方频道, 名称: 绍兴公共, 有效: 0, IPv4: 1, IPv6: 0, 最小延迟: 8205 ms, 最高速率: 0.13 M/s, 平均速率: 0.00 M/s, 最高分辨率: 1280x720, 平均帧率: 30.00, 视频编解码器: h264, 音频编解码器: aac
分类: 地方频道, 名称: 苏州文化生活, 有效: 1, IPv4: 1, IPv6: 0, 最小延迟: 606 ms, 最高速率: 0.60 M/s, 平均速率: 0.60 M/s, 最高分辨率: 1280x720, 平均帧率: 25.00, 视频编解码器: h264, 音频编解码器: aac
分类: 地方频道, 名称: 舒兰新闻综合, 有效: 0, IPv4: 1, IPv6: 0, 最小延迟: 2399 ms, 最高速率: 0.17 M/s, 平均速率: 0.00 M/s, 最高分辨率: 720x576, 平均帧率: 25.00, 视频编解码器: h264, 音频编解码器: aac
分类: 地方频道, 名称: 苏州新闻综合, 有效: 1, IPv4: 1, IPv6: 0, 最小延迟: 1174 ms, 最高速率: 0.81 M/s, 平均速率: 0.81 M/s, 最高分辨率: 1920x1080, 平均帧率: 25.00, 视频编解码器: h264, 音频编解码器: aac
分类: 地方频道, 名称: 苏州生活资讯, 有效: 1, IPv4: 1, IPv6: 0, 最小延迟: 759 ms, 最高速率: 0.41 M/s, 平均速率: 0.41 M/s, 最高分辨率: 1280x720, 平均帧率: 25.00, 视频编解码器: h264, 音频编解码器: aac
分类: 地方频道, 名称: 苏州社会经济, 有效: 1, IPv4: 1, IPv6: 0, 最小延迟: 1271 ms, 最高速率: 1.21 M/s, 平均速率: 1.21 M/s, 最高分辨率: 1920x1080, 平均帧率: 25.00, 视频编解码器: h264, 音频编解码器: aac
分类: 地方频道, 名称: 荥阳综合, 有效: 0, IPv4: 3, IPv6: 0, 最小延迟: -1 ms, 最高速率: 0.00 M/s, 平均速率: 0.00 M/s, 最高分辨率: None, 平均帧率: 未知, 视频编解码器: 未知, 音频编解码器: 未知
分类: 地方频道, 名称: 缙云综合, 有效: 0, IPv4: 2, IPv6: 0, 最小延迟: 1054 ms, 最高速率: 0.12 M/s, 平均速率: 0.00 M/s, 最高分辨率: 1280x720, 平均帧率: 25.00, 视频编解码器: h264, 音频编解码器: aac
分类: 地方频道, 名称: 苍南新闻综合, 有效: 0, IPv4: 1, IPv6: 0, 最小延迟: 2852 ms, 最高速率: 0.19 M/s, 平均速率: 0.00 M/s, 最高分辨率: 1920x1080, 平均帧率: 25.00, 视频编解码器: h264, 音频编解码器: aac
分类: 地方频道, 名称: 萧山新闻综合, 有效: 0, IPv4: 1, IPv6: 0, 最小延迟: 3338 ms, 最高速率: 0.16 M/s, 平均速率: 0.00 M/s, 最高分辨率: 1280x720, 平均帧率: 25.00, 视频编解码器: h264, 音频编解码器: aac
分类: 地方频道, 名称: 荥经综合, 有效: 0, IPv4: 1, IPv6: 0, 最小延迟: 7160 ms, 最高速率: 0.27 M/s, 平均速率: 0.00 M/s, 最高分辨率: 1920x1080, 平均帧率: 未知, 视频编解码器: h264, 音频编解码器: aac
分类: 地方频道, 名称: 萧山生活, 有效: 0, IPv4: 3, IPv6: 0, 最小延迟: 1063 ms, 最高速率: 0.17 M/s, 平均速率: 0.00 M/s, 最高分辨率: 1280x720, 平均帧率: 25.00, 视频编解码器: h264, 音频编解码器: aac
分类: 地方频道, 名称: 萧山综合, 有效: 0, IPv4: 1, IPv6: 0, 最小延迟: 1948 ms, 最高速率: 0.10 M/s, 平均速率: 0.00 M/s, 最高分辨率: 1280x720, 平均帧率: 25.00, 视频编解码器: h264, 音频编解码器: aac
分类: 地方频道, 名称: 衢江新闻综合, 有效: 0, IPv4: 1, IPv6: 0, 最小延迟: 2778 ms, 最高速率: 0.10 M/s, 平均速率: 0.00 M/s, 最高分辨率: 1920x1080, 平均帧率: 25.00, 视频编解码器: h264, 音频编解码器: aac
分类: 地方频道, 名称: 茶频道, 有效: 0, IPv4: 1, IPv6: 0, 最小延迟: 561 ms, 最高速率: 0.00 M/s, 平均速率: 0.00 M/s, 最高分辨率: None, 平均帧率: 未知, 视频编解码器: 未知, 音频编解码器: 未知
分类: 地方频道, 名称: 衡阳新闻综合, 有效: 0, IPv4: 1, IPv6: 0, 最小延迟: 7330 ms, 最高速率: 0.01 M/s, 平均速率: 0.00 M/s, 最高分辨率: None, 平均帧率: 未知, 视频编解码器: 未知, 音频编解码器: 未知
分类: 地方频道, 名称: 西安新闻, 有效: 0, IPv4: 1, IPv6: 0, 最小延迟: 10367 ms, 最高速率: 0.05 M/s, 平均速率: 0.00 M/s, 最高分辨率: 720x576, 平均帧率: 25.00, 视频编解码器: h264, 音频编解码器: mp2
分类: 地方频道, 名称: 西安都市, 有效: 0, IPv4: 1, IPv6: 0, 最小延迟: 10625 ms, 最高速率: 0.05 M/s, 平均速率: 0.00 M/s, 最高分辨率: 720x576, 平均帧率: 50.00, 视频编解码器: h264, 音频编解码器: mp2
分类: 地方频道, 名称: 西峰综合, 有效: 1, IPv4: 1, IPv6: 0, 最小延迟: 2623 ms, 最高速率: 0.66 M/s, 平均速率: 0.66 M/s, 最高分辨率: 1280x720, 平均帧率: 30.00, 视频编解码器: h264, 音频编解码器: aac
分类: 地方频道, 名称: 诸暨新闻综合, 有效: 0, IPv4: 2, IPv6: 0, 最小延迟: 2302 ms, 最高速率: 0.28 M/s, 平均速率: 0.00 M/s, 最高分辨率: 1920x1080, 平均帧率: 50.00, 视频编解码器: h264, 音频编解码器: aac
分类: 地方频道, 名称: 赣州公共, 有效: 0, IPv4: 1, IPv6: 0, 最小延迟: -1 ms, 最高速率: 0.00 M/s, 平均速率: 0.00 M/s, 最高分辨率: None, 平均帧率: 未知, 视频编解码器: 未知, 音频编解码器: 未知
分类: 地方频道, 名称: 西华综合, 有效: 0, IPv4: 4, IPv6: 0, 最小延迟: -1 ms, 最高速率: 0.00 M/s, 平均速率: 0.00 M/s, 最高分辨率: None, 平均帧率: 未知, 视频编解码器: 未知, 音频编解码器: 未知
分类: 地方频道, 名称: 车迷频道, 有效: 0, IPv4: 1, IPv6: 0, 最小延迟: -1 ms, 最高速率: 0.00 M/s, 平均速率: 0.00 M/s, 最高分辨率: None, 平均帧率: 未知, 视频编解码器: 未知, 音频编解码器: 未知
分类: 地方频道, 名称: 赣州新闻, 有效: 0, IPv4: 1, IPv6: 0, 最小延迟: -1 ms, 最高速率: 0.00 M/s, 平均速率: 0.00 M/s, 最高分辨率: None, 平均帧率: 未知, 视频编解码器: 未知, 音频编解码器: 未知
分类: 地方频道, 名称: 象山综合, 有效: 1, IPv4: 2, IPv6: 0, 最小延迟: 2074 ms, 最高速率: 0.58 M/s, 平均速率: 0.58 M/s, 最高分辨率: 1920x1080, 平均帧率: 25.00, 视频编解码器: h264, 音频编解码器: aac
分类: 地方频道, 名称: 象山新闻综合, 有效: 0, IPv4: 1, IPv6: 0, 最小延迟: 1230 ms, 最高速率: 0.14 M/s, 平均速率: 0.00 M/s, 最高分辨率: 1280x720, 平均帧率: 25.00, 视频编解码器: h264, 音频编解码器: aac
分类: 地方频道, 名称: 辽宁北方, 有效: 0, IPv4: 1, IPv6: 0, 最小延迟: -1 ms, 最高速率: 0.00 M/s, 平均速率: 0.00 M/s, 最高分辨率: None, 平均帧率: 未知, 视频编解码器: 未知, 音频编解码器: 未知
分类: 地方频道, 名称: 辉南新闻综合, 有效: 0, IPv4: 1, IPv6: 0, 最小延迟: 2966 ms, 最高速率: 0.29 M/s, 平均速率: 0.00 M/s, 最高分辨率: 720x576, 平均帧率: 25.00, 视频编解码器: h264, 音频编解码器: aac
分类: 地方频道, 名称: 辽宁公共, 有效: 0, IPv4: 2, IPv6: 0, 最小延迟: 10916 ms, 最高速率: 0.00 M/s, 平均速率: 0.00 M/s, 最高分辨率: None, 平均帧率: 未知, 视频编解码器: 未知, 音频编解码器: 未知
分类: 地方频道, 名称: 辽宁生活, 有效: 0, IPv4: 1, IPv6: 0, 最小延迟: 10120 ms, 最高速率: 0.00 M/s, 平均速率: 0.00 M/s, 最高分辨率: None, 平均帧率: 未知, 视频编解码器: 未知, 音频编解码器: 未知
分类: 地方频道, 名称: 辽宁教育青少, 有效: 0, IPv4: 1, IPv6: 0, 最小延迟: 10463 ms, 最高速率: 0.00 M/s, 平均速率: 0.00 M/s, 最高分辨率: None, 平均帧率: 未知, 视频编解码器: 未知, 音频编解码器: 未知
分类: 地方频道, 名称: 通化县综合, 有效: 0, IPv4: 1, IPv6: 0, 最小延迟: 3531 ms, 最高速率: 0.02 M/s, 平均速率: 0.00 M/s, 最高分辨率: None, 平均帧率: 未知, 视频编解码器: 未知, 音频编解码器: aac
分类: 地方频道, 名称: 通海电视台, 有效: 1, IPv4: 1, IPv6: 0, 最小延迟: 2551 ms, 最高速率: 0.56 M/s, 平均速率: 0.56 M/s, 最高分辨率: 1920x1080, 平均帧率: 25.00, 视频编解码器: h264, 音频编解码器: aac
分类: 地方频道, 名称: 通渭综合, 有效: 0, IPv4: 1, IPv6: 0, 最小延迟: -1 ms, 最高速率: 0.00 M/s, 平均速率: 0.00 M/s, 最高分辨率: None, 平均帧率: 未知, 视频编解码器: 未知, 音频编解码器: 未知
分类: 地方频道, 名称: 邓州新闻, 有效: 0, IPv4: 1, IPv6: 0, 最小延迟: -1 ms, 最高速率: 0.00 M/s, 平均速率: 0.00 M/s, 最高分辨率: None, 平均帧率: 未知, 视频编解码器: 未知, 音频编解码器: 未知
分类: 地方频道, 名称: 遂昌综合, 有效: 0, IPv4: 1, IPv6: 0, 最小延迟: 2923 ms, 最高速率: 0.08 M/s, 平均速率: 0.00 M/s, 最高分辨率: 1920x1080, 平均帧率: 25.00, 视频编解码器: h264, 音频编解码器: aac
分类: 地方频道, 名称: 郸城新闻综合, 有效: 0, IPv4: 3, IPv6: 0, 最小延迟: -1 ms, 最高速率: 0.00 M/s, 平均速率: 0.00 M/s, 最高分辨率: None, 平均帧率: 未知, 视频编解码器: 未知, 音频编解码器: 未知
分类: 地方频道, 名称: 辽宁经济, 有效: 0, IPv4: 2, IPv6: 0, 最小延迟: 10190 ms, 最高速率: 0.00 M/s, 平均速率: 0.00 M/s, 最高分辨率: None, 平均帧率: 未知, 视频编解码器: 未知, 音频编解码器: 未知
分类: 地方频道, 名称: 都市剧场, 有效: 0, IPv4: 1, IPv6: 0, 最小延迟: 12 ms, 最高速率: 9.74 M/s, 平均速率: 0.00 M/s, 最高分辨率: None, 平均帧率: 未知, 视频编解码器: 未知, 音频编解码器: aac
分类: 地方频道, 名称: 重庆新闻, 有效: 1, IPv4: 1, IPv6: 0, 最小延迟: 410 ms, 最高速率: 6.60 M/s, 平均速率: 6.60 M/s, 最高分辨率: 1920x1080, 平均帧率: 25.00, 视频编解码器: h264, 音频编解码器: aac
分类: 地方频道, 名称: 辽宁都市, 有效: 0, IPv4: 2, IPv6: 0, 最小延迟: 10661 ms, 最高速率: 0.00 M/s, 平均速率: 0.00 M/s, 最高分辨率: None, 平均帧率: 未知, 视频编解码器: 未知, 音频编解码器: 未知
分类: 地方频道, 名称: 郏县综合, 有效: 0, IPv4: 4, IPv6: 0, 最小延迟: -1 ms, 最高速率: 0.00 M/s, 平均速率: 0.00 M/s, 最高分辨率: None, 平均帧率: 未知, 视频编解码器: 未知, 音频编解码器: 未知
分类: 地方频道, 名称: 铜梁综合, 有效: 0, IPv4: 1, IPv6: 0, 最小延迟: 2382 ms, 最高速率: 0.05 M/s, 平均速率: 0.00 M/s, 最高分辨率: 720x576, 平均帧率: 25.00, 视频编解码器: h264, 音频编解码器: aac
分类: 地方频道, 名称: 鄢陵综合, 有效: 0, IPv4: 3, IPv6: 0, 最小延迟: -1 ms, 最高速率: 0.00 M/s, 平均速率: 0.00 M/s, 最高分辨率: None, 平均帧率: 未知, 视频编解码器: 未知, 音频编解码器: 未知
分类: 地方频道, 名称: 金川乡村, 有效: 0, IPv4: 1, IPv6: 0, 最小延迟: -1 ms, 最高速率: 0.00 M/s, 平均速率: 0.00 M/s, 最高分辨率: None, 平均帧率: 未知, 视频编解码器: 未知, 音频编解码器: 未知
分类: 地方频道, 名称: 金川新闻综合, 有效: 0, IPv4: 1, IPv6: 0, 最小延迟: -1 ms, 最高速率: 0.00 M/s, 平均速率: 0.00 M/s, 最高分辨率: None, 平均帧率: 未知, 视频编解码器: 未知, 音频编解码器: 未知
分类: 地方频道, 名称: 镇江二套社会民生, 有效: 0, IPv4: 1, IPv6: 0, 最小延迟: 1194 ms, 最高速率: 0.15 M/s, 平均速率: 0.00 M/s, 最高分辨率: 1920x1080, 平均帧率: 25.00, 视频编解码器: h264, 音频编解码器: aac
分类: 地方频道, 名称: 重庆汽摩, 有效: 0, IPv4: 1, IPv6: 0, 最小延迟: 10933 ms, 最高速率: 0.00 M/s, 平均速率: 0.00 M/s, 最高分辨率: None, 平均帧率: 未知, 视频编解码器: 未知, 音频编解码器: 未知
分类: 地方频道, 名称: 镇江新闻综合, 有效: 0, IPv4: 3, IPv6: 0, 最小延迟: 1178 ms, 最高速率: 0.17 M/s, 平均速率: 0.00 M/s, 最高分辨率: 1920x1080, 平均帧率: 25.00, 视频编解码器: h264, 音频编解码器: aac
分类: 地方频道, 名称: 长宁综合, 有效: 0, IPv4: 1, IPv6: 0, 最小延迟: -1 ms, 最高速率: 0.00 M/s, 平均速率: 0.00 M/s, 最高分辨率: None, 平均帧率: 未知, 视频编解码器: 未知, 音频编解码器: 未知
分类: 地方频道, 名称: 长白山电视台, 有效: 0, IPv4: 1, IPv6: 0, 最小延迟: 1927 ms, 最高速率: 0.07 M/s, 平均速率: 0.00 M/s, 最高分辨率: 320x240, 平均帧率: 25.00, 视频编解码器: h264, 音频编解码器: aac
分类: 地方频道, 名称: 陕西新闻咨询, 有效: 0, IPv4: 1, IPv6: 0, 最小延迟: 10066 ms, 最高速率: 0.04 M/s, 平均速率: 0.00 M/s, 最高分辨率: 720x576, 平均帧率: 50.00, 视频编解码器: h264, 音频编解码器: mp2
分类: 地方频道, 名称: 长子综合, 有效: 1, IPv4: 1, IPv6: 0, 最小延迟: 10265 ms, 最高速率: 0.68 M/s, 平均速率: 0.68 M/s, 最高分辨率: 1920x1080, 平均帧率: 50.00, 视频编解码器: h264, 音频编解码器: aac
分类: 地方频道, 名称: 陕西秦腔, 有效: 0, IPv4: 1, IPv6: 0, 最小延迟: 10151 ms, 最高速率: 0.06 M/s, 平均速率: 0.00 M/s, 最高分辨率: 720x576, 平均帧率: 50.00, 视频编解码器: h264, 音频编解码器: mp2
分类: 地方频道, 名称: 长影频道, 有效: 0, IPv4: 1, IPv6: 0, 最小延迟: -1 ms, 最高速率: 0.00 M/s, 平均速率: 0.00 M/s, 最高分辨率: None, 平均帧率: 未知, 视频编解码器: 未知, 音频编解码器: 未知
分类: 地方频道, 名称: 陇川综合, 有效: 0, IPv4: 1, IPv6: 0, 最小延迟: -1 ms, 最高速率: 0.00 M/s, 平均速率: 0.00 M/s, 最高分辨率: None, 平均帧率: 未知, 视频编解码器: 未知, 音频编解码器: 未知
分类: 地方频道, 名称: 陕西都市青春, 有效: 0, IPv4: 1, IPv6: 0, 最小延迟: 10646 ms, 最高速率: 0.04 M/s, 平均速率: 0.00 M/s, 最高分辨率: 720x576, 平均帧率: 50.00, 视频编解码器: h264, 音频编解码器: mp2
分类: 地方频道, 名称: 陕西银龄, 有效: 0, IPv4: 1, IPv6: 0, 最小延迟: 10126 ms, 最高速率: 0.05 M/s, 平均速率: 0.00 M/s, 最高分辨率: 720x576, 平均帧率: 50.00, 视频编解码器: h264, 音频编解码器: mp2
分类: 地方频道, 名称: 青川综合, 有效: 0, IPv4: 1, IPv6: 0, 最小延迟: 2907 ms, 最高速率: 0.49 M/s, 平均速率: 0.00 M/s, 最高分辨率: 1920x1080, 平均帧率: 未知, 视频编解码器: h264, 音频编解码器: aac
分类: 地方频道, 名称: 项城新闻, 有效: 0, IPv4: 2, IPv6: 0, 最小延迟: -1 ms, 最高速率: 0.00 M/s, 平均速率: 0.00 M/s, 最高分辨率: None, 平均帧率: 未知, 视频编解码器: 未知, 音频编解码器: 未知
分类: 地方频道, 名称: 青田电视台, 有效: 0, IPv4: 1, IPv6: 0, 最小延迟: 1086 ms, 最高速率: 0.13 M/s, 平均速率: 0.00 M/s, 最高分辨率: 1920x1080, 平均帧率: 25.00, 视频编解码器: h264, 音频编解码器: aac
分类: 地方频道, 名称: 靖宇综合, 有效: 0, IPv4: 1, IPv6: 0, 最小延迟: 1654 ms, 最高速率: 0.04 M/s, 平均速率: 0.00 M/s, 最高分辨率: None, 平均帧率: 未知, 视频编解码器: 未知, 音频编解码器: aac
分类: 地方频道, 名称: 黎城综合, 有效: 0, IPv4: 2, IPv6: 0, 最小延迟: -1 ms, 最高速率: 0.00 M/s, 平均速率: 0.00 M/s, 最高分辨率: None, 平均帧率: 未知, 视频编解码器: 未知, 音频编解码器: 未知
分类: 地方频道, 名称: 雅安新闻综合, 有效: 0, IPv4: 1, IPv6: 0, 最小延迟: 3842 ms, 最高速率: 0.59 M/s, 平均速率: 0.00 M/s, 最高分辨率: None, 平均帧率: 未知, 视频编解码器: 未知, 音频编解码器: 未知
分类: 地方频道, 名称: 靖远综合, 有效: 0, IPv4: 1, IPv6: 0, 最小延迟: -1 ms, 最高速率: 0.00 M/s, 平均速率: 0.00 M/s, 最高分辨率: None, 平均帧率: 未知, 视频编解码器: 未知, 音频编解码器: 未知
分类: 地方频道, 名称: 龙井综合, 有效: 0, IPv4: 1, IPv6: 0, 最小延迟: 3237 ms, 最高速率: 0.02 M/s, 平均速率: 0.00 M/s, 最高分辨率: None, 平均帧率: 未知, 视频编解码器: 未知, 音频编解码器: aac
分类: 地方频道, 名称: 龙泉新闻综合, 有效: 0, IPv4: 1, IPv6: 0, 最小延迟: 1510 ms, 最高速率: 0.12 M/s, 平均速率: 0.00 M/s, 最高分辨率: 1920x1080, 平均帧率: 25.00, 视频编解码器: h264, 音频编解码器: aac
分类: 地方频道, 名称: 龙游新闻综合, 有效: 0, IPv4: 2, IPv6: 0, 最小延迟: 1085 ms, 最高速率: 0.18 M/s, 平均速率: 0.00 M/s, 最高分辨率: 1280x720, 平均帧率: 25.00, 视频编解码器: h264, 音频编解码器: aac
分类: 纪录频道, 名称: 临潭, 有效: 0, IPv4: 1, IPv6: 0, 最小延迟: -1 ms, 最高速率: 0.00 M/s, 平均速率: 0.00 M/s, 最高分辨率: None, 平均帧率: 未知, 视频编解码器: 未知, 音频编解码器: 未知
分类: 纪录频道, 名称: 东丰, 有效: 0, IPv4: 1, IPv6: 0, 最小延迟: 3010 ms, 最高速率: 0.12 M/s, 平均速率: 0.00 M/s, 最高分辨率: 720x576, 平均帧率: 25.00, 视频编解码器: h264, 音频编解码器: aac
分类: 纪录频道, 名称: 双辽, 有效: 0, IPv4: 1, IPv6: 0, 最小延迟: 1921 ms, 最高速率: 0.06 M/s, 平均速率: 0.00 M/s, 最高分辨率: 320x240, 平均帧率: 25.00, 视频编解码器: h264, 音频编解码器: aac
分类: 纪录频道, 名称: 九台, 有效: 0, IPv4: 1, IPv6: 0, 最小延迟: 3301 ms, 最高速率: 0.19 M/s, 平均速率: 0.00 M/s, 最高分辨率: 720x576, 平均帧率: 25.00, 视频编解码器: h264, 音频编解码器: aac
分类: 地方频道, 名称: 龙游生活娱乐, 有效: 0, IPv4: 2, IPv6: 0, 最小延迟: 1095 ms, 最高速率: 0.22 M/s, 平均速率: 0.00 M/s, 最高分辨率: 1280x720, 平均帧率: 25.00, 视频编解码器: h264, 音频编解码器: aac
分类: 纪录频道, 名称: 夏河, 有效: 0, IPv4: 1, IPv6: 0, 最小延迟: -1 ms, 最高速率: 0.00 M/s, 平均速率: 0.00 M/s, 最高分辨率: None, 平均帧率: 未知, 视频编解码器: 未知, 音频编解码器: 未知
分类: 地方频道, 名称: 麻栗坡电视台, 有效: 0, IPv4: 1, IPv6: 0, 最小延迟: -1 ms, 最高速率: 0.00 M/s, 平均速率: 0.00 M/s, 最高分辨率: None, 平均帧率: 未知, 视频编解码器: 未知, 音频编解码器: 未知
分类: 纪录频道, 名称: 兵团五师双河影, 有效: 0, IPv4: 1, IPv6: 0, 最小延迟: 2677 ms, 最高速率: 0.06 M/s, 平均速率: 0.00 M/s, 最高分辨率: 720x576, 平均帧率: 25.00, 视频编解码器: h264, 音频编解码器: aac
分类: 纪录频道, 名称: 柳河, 有效: 0, IPv4: 1, IPv6: 0, 最小延迟: 1530 ms, 最高速率: 0.21 M/s, 平均速率: 0.00 M/s, 最高分辨率: 720x576, 平均帧率: 25.00, 视频编解码器: h264, 音频编解码器: aac
分类: 纪录频道, 名称: 敦化一套, 有效: 0, IPv4: 1, IPv6: 0, 最小延迟: 1610 ms, 最高速率: 0.08 M/s, 平均速率: 0.00 M/s, 最高分辨率: 320x240, 平均帧率: 25.00, 视频编解码器: h264, 音频编解码器: aac
分类: 纪录频道, 名称: 奎屯汉语, 有效: 0, IPv4: 1, IPv6: 0, 最小延迟: 3613 ms, 最高速率: 0.25 M/s, 平均速率: 0.00 M/s, 最高分辨率: None, 平均帧率: 未知, 视频编解码器: h264, 音频编解码器: aac
分类: 纪录频道, 名称: 桦甸, 有效: 0, IPv4: 1, IPv6: 0, 最小延迟: 3740 ms, 最高速率: 0.09 M/s, 平均速率: 0.00 M/s, 最高分辨率: 720x576, 平均帧率: 25.00, 视频编解码器: h264, 音频编解码器: aac
分类: 纪录频道, 名称: 汪清, 有效: 0, IPv4: 1, IPv6: 0, 最小延迟: 953 ms, 最高速率: 0.09 M/s, 平均速率: 0.00 M/s, 最高分辨率: 320x240, 平均帧率: 25.00, 视频编解码器: h264, 音频编解码器: aac
分类: 纪录频道, 名称: 珲春新闻, 有效: 0, IPv4: 1, IPv6: 0, 最小延迟: 1722 ms, 最高速率: 0.17 M/s, 平均速率: 0.00 M/s, 最高分辨率: 720x576, 平均帧率: 25.00, 视频编解码器: h264, 音频编解码器: aac
分类: 纪录频道, 名称: 碌曲, 有效: 0, IPv4: 1, IPv6: 0, 最小延迟: -1 ms, 最高速率: 0.00 M/s, 平均速率: 0.00 M/s, 最高分辨率: None, 平均帧率: 未知, 视频编解码器: 未知, 音频编解码器: 未知
分类: 纪录频道, 名称: 白山公共, 有效: 0, IPv4: 1, IPv6: 0, 最小延迟: 2474 ms, 最高速率: 0.15 M/s, 平均速率: 0.00 M/s, 最高分辨率: 720x576, 平均帧率: 25.00, 视频编解码器: h264, 音频编解码器: aac
分类: 纪录频道, 名称: 玛纳斯, 有效: 0, IPv4: 1, IPv6: 0, 最小延迟: 9321 ms, 最高速率: 0.09 M/s, 平均速率: 0.00 M/s, 最高分辨率: 1920x1080, 平均帧率: 25.00, 视频编解码器: h264, 音频编解码器: aac
分类: 纪录频道, 名称: 舟曲新闻, 有效: 0, IPv4: 1, IPv6: 0, 最小延迟: -1 ms, 最高速率: 0.00 M/s, 平均速率: 0.00 M/s, 最高分辨率: None, 平均帧率: 未知, 视频编解码器: 未知, 音频编解码器: 未知
分类: 纪录频道, 名称: 西峰, 有效: 0, IPv4: 1, IPv6: 0, 最小延迟: -1 ms, 最高速率: 0.00 M/s, 平均速率: 0.00 M/s, 最高分辨率: None, 平均帧率: 未知, 视频编解码器: 未知, 音频编解码器: 未知
分类: 纪录频道, 名称: 文山州新闻, 有效: 0, IPv4: 1, IPv6: 0, 最小延迟: -1 ms, 最高速率: 0.00 M/s, 平均速率: 0.00 M/s, 最高分辨率: None, 平均帧率: 未知, 视频编解码器: 未知, 音频编解码器: 未知
分类: 纪录频道, 名称: 舒兰新闻, 有效: 0, IPv4: 1, IPv6: 0, 最小延迟: 1866 ms, 最高速率: 0.14 M/s, 平均速率: 0.00 M/s, 最高分辨率: 720x576, 平均帧率: 25.00, 视频编解码器: h264, 音频编解码器: aac
分类: 纪录频道, 名称: 鄂托克旗电视台, 有效: 0, IPv4: 1, IPv6: 0, 最小延迟: 270 ms, 最高速率: 0.00 M/s, 平均速率: 0.00 M/s, 最高分辨率: None, 平均帧率: 未知, 视频编解码器: 未知, 音频编解码器: 未知
分类: 纪录频道, 名称: 江津新闻, 有效: 0, IPv4: 1, IPv6: 0, 最小延迟: 10365 ms, 最高速率: 0.05 M/s, 平均速率: 0.00 M/s, 最高分辨率: None, 平均帧率: 未知, 视频编解码器: 未知, 音频编解码器: 未知
分类: 纪录频道, 名称: 磐石, 有效: 0, IPv4: 1, IPv6: 0, 最小延迟: 1775 ms, 最高速率: 0.33 M/s, 平均速率: 0.00 M/s, 最高分辨率: 720x576, 平均帧率: 25.00, 视频编解码器: h264, 音频编解码器: aac
分类: 体育频道, 名称: JJ斗地主, 有效: 0, IPv4: 1, IPv6: 0, 最小延迟: -1 ms, 最高速率: 0.00 M/s, 平均速率: 0.00 M/s, 最高分辨率: None, 平均帧率: 未知, 视频编解码器: 未知, 音频编解码器: 未知
分类: 纪录频道, 名称: 通化县, 有效: 0, IPv4: 1, IPv6: 0, 最小延迟: 1725 ms, 最高速率: 0.07 M/s, 平均速率: 0.00 M/s, 最高分辨率: 320x240, 平均帧率: 25.00, 视频编解码器: h264, 音频编解码器: aac
分类: 纪录频道, 名称: 辉南新闻, 有效: 0, IPv4: 1, IPv6: 0, 最小延迟: 2765 ms, 最高速率: 0.19 M/s, 平均速率: 0.00 M/s, 最高分辨率: 720x576, 平均帧率: 25.00, 视频编解码器: h264, 音频编解码器: aac
分类: 纪录频道, 名称: 靖宇, 有效: 0, IPv4: 1, IPv6: 0, 最小延迟: 1190 ms, 最高速率: 0.13 M/s, 平均速率: 0.00 M/s, 最高分辨率: 720x576, 平均帧率: 25.00, 视频编解码器: h264, 音频编解码器: aac
分类: 春晚频道, 名称: 1987年春晚, 有效: 0, IPv4: 1, IPv6: 0, 最小延迟: 643 ms, 最高速率: 4.56 M/s, 平均速率: 0.00 M/s, 最高分辨率: 640x480, 平均帧率: 25.00, 视频编解码器: h264, 音频编解码器: aac
分类: 音乐频道, 名称: 音乐现场, 有效: 0, IPv4: 1, IPv6: 0, 最小延迟: 11 ms, 最高速率: 10.20 M/s, 平均速率: 0.00 M/s, 最高分辨率: None, 平均帧率: 未知, 视频编解码器: 未知, 音频编解码器: aac
分类: 春晚频道, 名称: 1989年春晚, 有效: 0, IPv4: 1, IPv6: 0, 最小延迟: 457 ms, 最高速率: 4.10 M/s, 平均速率: 0.00 M/s, 最高分辨率: 640x480, 平均帧率: 25.00, 视频编解码器: h264, 音频编解码器: aac
分类: 春晚频道, 名称: 1988年春晚, 有效: 0, IPv4: 1, IPv6: 0, 最小延迟: 556 ms, 最高速率: 1.73 M/s, 平均速率: 0.00 M/s, 最高分辨率: 640x480, 平均帧率: 25.00, 视频编解码器: h264, 音频编解码器: aac
分类: 纪录频道, 名称: 龙井, 有效: 0, IPv4: 1, IPv6: 0, 最小延迟: 1809 ms, 最高速率: 0.14 M/s, 平均速率: 0.00 M/s, 最高分辨率: 720x576, 平均帧率: 25.00, 视频编解码器: h264, 音频编解码器: aac
分类: 春晚频道, 名称: 1993年春晚, 有效: 0, IPv4: 1, IPv6: 0, 最小延迟: 368 ms, 最高速率: 118.03 M/s, 平均速率: 0.00 M/s, 最高分辨率: 982x720, 平均帧率: 25.00, 视频编解码器: h264, 音频编解码器: aac
分类: 春晚频道, 名称: 1994年春晚, 有效: 0, IPv4: 1, IPv6: 0, 最小延迟: 104 ms, 最高速率: 170.50 M/s, 平均速率: 0.00 M/s, 最高分辨率: 982x720, 平均帧率: 25.00, 视频编解码器: h264, 音频编解码器: aac
分类: 春晚频道, 名称: 1995年春晚, 有效: 0, IPv4: 1, IPv6: 0, 最小延迟: 107 ms, 最高速率: 143.43 M/s, 平均速率: 0.00 M/s, 最高分辨率: 982x720, 平均帧率: 25.00, 视频编解码器: h264, 音频编解码器: aac
分类: 春晚频道, 名称: 1996年春晚, 有效: 0, IPv4: 1, IPv6: 0, 最小延迟: 97 ms, 最高速率: 157.24 M/s, 平均速率: 0.00 M/s, 最高分辨率: 982x720, 平均帧率: 25.00, 视频编解码器: h264, 音频编解码器: aac
分类: 春晚频道, 名称: 2000年春晚, 有效: 0, IPv4: 1, IPv6: 0, 最小延迟: 239 ms, 最高速率: 151.27 M/s, 平均速率: 0.00 M/s, 最高分辨率: 982x720, 平均帧率: 25.00, 视频编解码器: h264, 音频编解码器: aac
分类: 春晚频道, 名称: 2001年春晚, 有效: 0, IPv4: 1, IPv6: 0, 最小延迟: 28 ms, 最高速率: 155.29 M/s, 平均速率: 0.00 M/s, 最高分辨率: 982x720, 平均帧率: 25.00, 视频编解码器: h264, 音频编解码器: aac
分类: 春晚频道, 名称: 2002年春晚, 有效: 0, IPv4: 1, IPv6: 0, 最小延迟: 30 ms, 最高速率: 144.08 M/s, 平均速率: 0.00 M/s, 最高分辨率: 982x720, 平均帧率: 25.00, 视频编解码器: h264, 音频编解码器: aac
分类: 春晚频道, 名称: 2004年春晚, 有效: 0, IPv4: 1, IPv6: 0, 最小延迟: 53 ms, 最高速率: 185.70 M/s, 平均速率: 0.00 M/s, 最高分辨率: 982x720, 平均帧率: 25.00, 视频编解码器: h264, 音频编解码器: aac
分类: 春晚频道, 名称: 2003年春晚, 有效: 0, IPv4: 1, IPv6: 0, 最小延迟: 48 ms, 最高速率: 178.11 M/s, 平均速率: 0.00 M/s, 最高分辨率: 982x720, 平均帧率: 25.00, 视频编解码器: h264, 音频编解码器: aac
分类: 春晚频道, 名称: 2005年春晚, 有效: 0, IPv4: 1, IPv6: 0, 最小延迟: 19 ms, 最高速率: 157.72 M/s, 平均速率: 0.00 M/s, 最高分辨率: 982x720, 平均帧率: 25.00, 视频编解码器: h264, 音频编解码器: aac
分类: 春晚频道, 名称: 2006年春晚, 有效: 0, IPv4: 1, IPv6: 0, 最小延迟: 35 ms, 最高速率: 187.25 M/s, 平均速率: 0.00 M/s, 最高分辨率: 786x576, 平均帧率: 25.00, 视频编解码器: h264, 音频编解码器: aac
分类: 春晚频道, 名称: 2007年春晚, 有效: 0, IPv4: 1, IPv6: 0, 最小延迟: 53 ms, 最高速率: 136.74 M/s, 平均速率: 0.00 M/s, 最高分辨率: 982x720, 平均帧率: 25.00, 视频编解码器: h264, 音频编解码器: aac
分类: 春晚频道, 名称: 2009年春晚, 有效: 0, IPv4: 1, IPv6: 0, 最小延迟: 251 ms, 最高速率: 140.16 M/s, 平均速率: 0.00 M/s, 最高分辨率: 786x576, 平均帧率: 25.00, 视频编解码器: h264, 音频编解码器: aac
分类: 春晚频道, 名称: 2010年春晚, 有效: 0, IPv4: 1, IPv6: 0, 最小延迟: 267 ms, 最高速率: 109.65 M/s, 平均速率: 0.00 M/s, 最高分辨率: 982x720, 平均帧率: 25.00, 视频编解码器: h264, 音频编解码器: aac
分类: 春晚频道, 名称: 2013年春晚, 有效: 0, IPv4: 1, IPv6: 0, 最小延迟: 31 ms, 最高速率: 143.11 M/s, 平均速率: 0.00 M/s, 最高分辨率: 768x576, 平均帧率: 25.00, 视频编解码器: h264, 音频编解码器: aac
分类: 春晚频道, 名称: 2025年春晚, 有效: 0, IPv4: 2, IPv6: 0, 最小延迟: -1 ms, 最高速率: 0.00 M/s, 平均速率: 0.00 M/s, 最高分辨率: None, 平均帧率: 未知, 视频编解码器: 未知, 音频编解码器: 未知
分类: 春晚频道, 名称: 2014年春晚, 有效: 1, IPv4: 1, IPv6: 0, 最小延迟: 41 ms, 最高速率: 221.34 M/s, 平均速率: 221.34 M/s, 最高分辨率: 1280x720, 平均帧率: 25.00, 视频编解码器: h264, 音频编解码器: aac
分类: 春晚频道, 名称: 2018年春晚, 有效: 1, IPv4: 1, IPv6: 0, 最小延迟: 22 ms, 最高速率: 154.85 M/s, 平均速率: 154.85 M/s, 最高分辨率: 1280x720, 平均帧率: 25.00, 视频编解码器: h264, 音频编解码器: aac
分类: 春晚频道, 名称: 2024年春晚, 有效: 0, IPv4: 1, IPv6: 0, 最小延迟: 3617 ms, 最高速率: 0.17 M/s, 平均速率: 0.00 M/s, 最高分辨率: 1920x1080, 平均帧率: 25.00, 视频编解码器: h264, 音频编解码器: aac
分类: 直播中国, 名称: 中央电视塔东, 有效: 0, IPv4: 1, IPv6: 0, 最小延迟: 3152 ms, 最高速率: 0.47 M/s, 平均速率: 0.00 M/s, 最高分辨率: 1920x1080, 平均帧率: 25.00, 视频编解码器: h264, 音频编解码器: aac
分类: 直播中国, 名称: 中央电视塔南, 有效: 1, IPv4: 1, IPv6: 0, 最小延迟: 2991 ms, 最高速率: 0.28 M/s, 平均速率: 0.28 M/s, 最高分辨率: 1280x720, 平均帧率: 25.00, 视频编解码器: h264, 音频编解码器: aac
分类: 直播中国, 名称: 丽江古城大水车, 有效: 1, IPv4: 1, IPv6: 0, 最小延迟: 2081 ms, 最高速率: 0.28 M/s, 平均速率: 0.28 M/s, 最高分辨率: 1280x720, 平均帧率: 25.00, 视频编解码器: h264, 音频编解码器: aac
分类: 直播中国, 名称: 丽江古城万古楼遥望玉龙雪山, 有效: 0, IPv4: 1, IPv6: 0, 最小延迟: 2682 ms, 最高速率: 0.22 M/s, 平均速率: 0.00 M/s, 最高分辨率: 1920x1080, 平均帧率: 25.00, 视频编解码器: h264, 音频编解码器: aac
分类: 直播中国, 名称: 丽江古城大研花巷观景, 有效: 0, IPv4: 1, IPv6: 0, 最小延迟: 2053 ms, 最高速率: 0.28 M/s, 平均速率: 0.00 M/s, 最高分辨率: 1920x1080, 平均帧率: 25.00, 视频编解码器: h264, 音频编解码器: aac
分类: 直播中国, 名称: 乌镇全景, 有效: 0, IPv4: 1, IPv6: 0, 最小延迟: 2977 ms, 最高速率: 0.23 M/s, 平均速率: 0.00 M/s, 最高分辨率: 1920x1080, 平均帧率: 25.00, 视频编解码器: h264, 音频编解码器: aac
分类: 直播中国, 名称: 乌镇西市河, 有效: 1, IPv4: 1, IPv6: 0, 最小延迟: 2449 ms, 最高速率: 0.23 M/s, 平均速率: 0.23 M/s, 最高分辨率: 1280x720, 平均帧率: 25.00, 视频编解码器: h264, 音频编解码器: aac
分类: 直播中国, 名称: 乌镇龙形田, 有效: 1, IPv4: 1, IPv6: 0, 最小延迟: 3110 ms, 最高速率: 0.22 M/s, 平均速率: 0.22 M/s, 最高分辨率: 1280x720, 平均帧率: 25.00, 视频编解码器: h264, 音频编解码器: aac
分类: 直播中国, 名称: 乌镇蓝印花布, 有效: 1, IPv4: 1, IPv6: 0, 最小延迟: 2686 ms, 最高速率: 0.21 M/s, 平均速率: 0.21 M/s, 最高分辨率: 1280x720, 平均帧率: 25.00, 视频编解码器: h264, 音频编解码器: aac
分类: 直播中国, 名称: 乐山大佛全景, 有效: 0, IPv4: 1, IPv6: 0, 最小延迟: 1917 ms, 最高速率: 0.28 M/s, 平均速率: 0.00 M/s, 最高分辨率: 1920x1080, 平均帧率: 25.00, 视频编解码器: h264, 音频编解码器: aac
分类: 直播中国, 名称: 云南丽江印象实景, 有效: 0, IPv4: 1, IPv6: 0, 最小延迟: 2886 ms, 最高速率: 0.20 M/s, 平均速率: 0.00 M/s, 最高分辨率: 1920x1080, 平均帧率: 25.00, 视频编解码器: h264, 音频编解码器: aac
分类: 直播中国, 名称: 云南丽江冰川, 有效: 1, IPv4: 1, IPv6: 0, 最小延迟: 3548 ms, 最高速率: 0.22 M/s, 平均速率: 0.22 M/s, 最高分辨率: 1280x720, 平均帧率: 25.00, 视频编解码器: h264, 音频编解码器: aac
分类: 直播中国, 名称: 云南丽江玉龙雪山草甸, 有效: 0, IPv4: 1, IPv6: 0, 最小延迟: 2726 ms, 最高速率: 0.28 M/s, 平均速率: 0.00 M/s, 最高分辨率: 1920x1080, 平均帧率: 25.00, 视频编解码器: h264, 音频编解码器: aac
分类: 直播中国, 名称: 云南丽江玉龙雪山, 有效: 1, IPv4: 1, IPv6: 0, 最小延迟: 3038 ms, 最高速率: 0.21 M/s, 平均速率: 0.21 M/s, 最高分辨率: 1280x720, 平均帧率: 25.00, 视频编解码器: h264, 音频编解码器: aac
分类: 直播中国, 名称: 云南丽江蓝月谷, 有效: 1, IPv4: 1, IPv6: 0, 最小延迟: 2709 ms, 最高速率: 0.22 M/s, 平均速率: 0.22 M/s, 最高分辨率: 1280x720, 平均帧率: 25.00, 视频编解码器: h264, 音频编解码器: aac
分类: 直播中国, 名称: 云南大理崇圣寺三塔中景, 有效: 1, IPv4: 1, IPv6: 0, 最小延迟: 2464 ms, 最高速率: 0.32 M/s, 平均速率: 0.32 M/s, 最高分辨率: 1280x720, 平均帧率: 25.00, 视频编解码器: h264, 音频编解码器: aac
分类: 直播中国, 名称: 云南大理崇圣寺三塔远景, 有效: 1, IPv4: 1, IPv6: 0, 最小延迟: 2476 ms, 最高速率: 0.41 M/s, 平均速率: 0.41 M/s, 最高分辨率: 1280x720, 平均帧率: 25.00, 视频编解码器: h264, 音频编解码器: aac
分类: 直播中国, 名称: 五彩池, 有效: 0, IPv4: 1, IPv6: 0, 最小延迟: 1954 ms, 最高速率: 0.41 M/s, 平均速率: 0.00 M/s, 最高分辨率: 1920x1080, 平均帧率: 25.00, 视频编解码器: h264, 音频编解码器: aac
分类: 直播中国, 名称: 云南白沙远眺玉龙雪山, 有效: 0, IPv4: 1, IPv6: 0, 最小延迟: 1758 ms, 最高速率: 0.21 M/s, 平均速率: 0.00 M/s, 最高分辨率: 1920x1080, 平均帧率: 25.00, 视频编解码器: h264, 音频编解码器: aac
分类: 直播中国, 名称: 八里沟风景区天界山玻璃栈道, 有效: 0, IPv4: 1, IPv6: 0, 最小延迟: 2916 ms, 最高速率: 0.22 M/s, 平均速率: 0.00 M/s, 最高分辨率: 1920x1080, 平均帧率: 25.00, 视频编解码器: h264, 音频编解码器: aac
分类: 直播中国, 名称: 八里沟风景区桃花湾瀑布, 有效: 0, IPv4: 1, IPv6: 0, 最小延迟: 2940 ms, 最高速率: 0.25 M/s, 平均速率: 0.00 M/s, 最高分辨率: 1920x1080, 平均帧率: 25.00, 视频编解码器: h264, 音频编解码器: aac
分类: 直播中国, 名称: 六盘山红军长征景区, 有效: 1, IPv4: 1, IPv6: 0, 最小延迟: 2820 ms, 最高速率: 0.26 M/s, 平均速率: 0.26 M/s, 最高分辨率: 1280x720, 平均帧率: 25.00, 视频编解码器: h264, 音频编解码器: aac
分类: 直播中国, 名称: 南京玄武湖公园, 有效: 0, IPv4: 1, IPv6: 0, 最小延迟: 3735 ms, 最高速率: 0.18 M/s, 平均速率: 0.00 M/s, 最高分辨率: 1280x720, 平均帧率: 25.00, 视频编解码器: h264, 音频编解码器: aac
分类: 直播中国, 名称: 厦门鼓浪屿, 有效: 0, IPv4: 1, IPv6: 0, 最小延迟: 2905 ms, 最高速率: 0.29 M/s, 平均速率: 0.00 M/s, 最高分辨率: 1920x1080, 平均帧率: 25.00, 视频编解码器: h264, 音频编解码器: aac
分类: 直播中国, 名称: 四川峨眉山云海日出, 有效: 1, IPv4: 1, IPv6: 0, 最小延迟: 3760 ms, 最高速率: 0.27 M/s, 平均速率: 0.27 M/s, 最高分辨率: 1280x720, 平均帧率: 25.00, 视频编解码器: h264, 音频编解码器: aac
分类: 直播中国, 名称: 四川四姑娘山隆珠措, 有效: 0, IPv4: 1, IPv6: 0, 最小延迟: 1648 ms, 最高速率: 0.19 M/s, 平均速率: 0.00 M/s, 最高分辨率: 1920x1080, 平均帧率: 25.00, 视频编解码器: h264, 音频编解码器: aac
分类: 直播中国, 名称: 四川峨眉山普贤菩萨铜像, 有效: 0, IPv4: 1, IPv6: 0, 最小延迟: 2539 ms, 最高速率: 0.37 M/s, 平均速率: 0.00 M/s, 最高分辨率: 1920x1080, 平均帧率: 25.00, 视频编解码器: h264, 音频编解码器: aac
分类: 直播中国, 名称: 四川峨眉山远眺贡嘎雪山, 有效: 1, IPv4: 1, IPv6: 0, 最小延迟: 2421 ms, 最高速率: 0.24 M/s, 平均速率: 0.24 M/s, 最高分辨率: 1280x720, 平均帧率: 25.00, 视频编解码器: h264, 音频编解码器: aac
分类: 直播中国, 名称: 四川峨眉山远眺万佛顶, 有效: 0, IPv4: 1, IPv6: 0, 最小延迟: 2132 ms, 最高速率: 0.17 M/s, 平均速率: 0.00 M/s, 最高分辨率: 1280x720, 平均帧率: 25.00, 视频编解码器: h264, 音频编解码器: aac
分类: 直播中国, 名称: 天涯石, 有效: 0, IPv4: 1, IPv6: 0, 最小延迟: 4113 ms, 最高速率: 0.15 M/s, 平均速率: 0.00 M/s, 最高分辨率: 1280x720, 平均帧率: 15.00, 视频编解码器: h264, 音频编解码器: aac
分类: 直播中国, 名称: 安徽池州九华山风景区九华山, 有效: 1, IPv4: 1, IPv6: 0, 最小延迟: 3073 ms, 最高速率: 0.34 M/s, 平均速率: 0.34 M/s, 最高分辨率: 1280x720, 平均帧率: 25.00, 视频编解码器: h264, 音频编解码器: aac
分类: 直播中国, 名称: 安徽黟县芦村远眺, 有效: 1, IPv4: 1, IPv6: 0, 最小延迟: 2533 ms, 最高速率: 0.30 M/s, 平均速率: 0.30 M/s, 最高分辨率: 1280x720, 平均帧率: 25.00, 视频编解码器: h264, 音频编解码器: aac
分类: 直播中国, 名称: 安徽黟县西递牌坊, 有效: 1, IPv4: 1, IPv6: 0, 最小延迟: 1664 ms, 最高速率: 0.32 M/s, 平均速率: 0.32 M/s, 最高分辨率: 1280x720, 平均帧率: 25.00, 视频编解码器: h264, 音频编解码器: aac
分类: 直播中国, 名称: 广西玉林大容山莲花山顶, 有效: 0, IPv4: 1, IPv6: 0, 最小延迟: 1594 ms, 最高速率: 0.36 M/s, 平均速率: 0.00 M/s, 最高分辨率: 1920x1080, 平均帧率: 25.00, 视频编解码器: h264, 音频编解码器: aac
分类: 直播中国, 名称: 广西桂林漓江景区, 有效: 1, IPv4: 1, IPv6: 0, 最小延迟: 2666 ms, 最高速率: 0.59 M/s, 平均速率: 0.59 M/s, 最高分辨率: 1280x720, 平均帧率: 25.00, 视频编解码器: h264, 音频编解码器: aac
分类: 直播中国, 名称: 恒山悬空寺全景, 有效: 0, IPv4: 1, IPv6: 0, 最小延迟: 1596 ms, 最高速率: 0.41 M/s, 平均速率: 0.00 M/s, 最高分辨率: 1920x1080, 平均帧率: 25.00, 视频编解码器: h264, 音频编解码器: aac
分类: 直播中国, 名称: 张掖七彩丹霞, 有效: 1, IPv4: 1, IPv6: 0, 最小延迟: 4862 ms, 最高速率: 0.34 M/s, 平均速率: 0.34 M/s, 最高分辨率: 1280x720, 平均帧率: 25.00, 视频编解码器: h264, 音频编解码器: aac
分类: 直播中国, 名称: 月牙泉, 有效: 0, IPv4: 1, IPv6: 0, 最小延迟: 2002 ms, 最高速率: 0.45 M/s, 平均速率: 0.00 M/s, 最高分辨率: 1920x1080, 平均帧率: 25.00, 视频编解码器: h264, 音频编解码器: aac
分类: 直播中国, 名称: 望乡台, 有效: 1, IPv4: 1, IPv6: 0, 最小延迟: 2233 ms, 最高速率: 0.55 M/s, 平均速率: 0.55 M/s, 最高分辨率: 1280x720, 平均帧率: 25.00, 视频编解码器: h264, 音频编解码器: aac
分类: 直播中国, 名称: 普陀山, 有效: 0, IPv4: 1, IPv6: 0, 最小延迟: 3097 ms, 最高速率: 0.32 M/s, 平均速率: 0.00 M/s, 最高分辨率: 1920x1080, 平均帧率: 25.00, 视频编解码器: h264, 音频编解码器: aac
分类: 直播中国, 名称: 江苏南京牛首山, 有效: 1, IPv4: 1, IPv6: 0, 最小延迟: 2412 ms, 最高速率: 0.37 M/s, 平均速率: 0.37 M/s, 最高分辨率: 1280x720, 平均帧率: 25.00, 视频编解码器: h264, 音频编解码器: aac
分类: 直播中国, 名称: 江苏徐州云龙湖风景区云龙山观景台西, 有效: 0, IPv4: 1, IPv6: 0, 最小延迟: 1731 ms, 最高速率: 0.36 M/s, 平均速率: 0.00 M/s, 最高分辨率: 1920x1080, 平均帧率: 25.00, 视频编解码器: h264, 音频编解码器: aac
分类: 直播中国, 名称: 泰山主峰, 有效: 1, IPv4: 1, IPv6: 0, 最小延迟: 1458 ms, 最高速率: 0.33 M/s, 平均速率: 0.33 M/s, 最高分辨率: 1280x720, 平均帧率: 25.00, 视频编解码器: h264, 音频编解码器: aac
分类: 直播中国, 名称: 泰山南天门, 有效: 1, IPv4: 1, IPv6: 0, 最小延迟: 1991 ms, 最高速率: 0.58 M/s, 平均速率: 0.58 M/s, 最高分辨率: 1280x720, 平均帧率: 25.00, 视频编解码器: h264, 音频编解码器: aac
分类: 直播中国, 名称: 泰山十八盘, 有效: 0, IPv4: 1, IPv6: 0, 最小延迟: 2081 ms, 最高速率: 0.31 M/s, 平均速率: 0.00 M/s, 最高分辨率: 1920x1080, 平均帧率: 25.00, 视频编解码器: h264, 音频编解码器: aac
分类: 直播中国, 名称: 泰山太平岭, 有效: 1, IPv4: 1, IPv6: 0, 最小延迟: 1392 ms, 最高速率: 0.27 M/s, 平均速率: 0.27 M/s, 最高分辨率: 1280x720, 平均帧率: 25.00, 视频编解码器: h264, 音频编解码器: aac
分类: 直播中国, 名称: 泰山望人松, 有效: 1, IPv4: 1, IPv6: 0, 最小延迟: 1819 ms, 最高速率: 0.60 M/s, 平均速率: 0.60 M/s, 最高分辨率: 1280x720, 平均帧率: 25.00, 视频编解码器: h264, 音频编解码器: aac
分类: 直播中国, 名称: 泰山白云亭悬崖, 有效: 1, IPv4: 1, IPv6: 0, 最小延迟: 1452 ms, 最高速率: 0.28 M/s, 平均速率: 0.28 M/s, 最高分辨率: 1280x720, 平均帧率: 25.00, 视频编解码器: h264, 音频编解码器: aac
分类: 直播中国, 名称: 泰山玉皇顶, 有效: 0, IPv4: 1, IPv6: 0, 最小延迟: 1642 ms, 最高速率: 0.36 M/s, 平均速率: 0.00 M/s, 最高分辨率: 1920x1080, 平均帧率: 25.00, 视频编解码器: h264, 音频编解码器: aac
分类: 直播中国, 名称: 泰山碧霞祠, 有效: 1, IPv4: 1, IPv6: 0, 最小延迟: 1992 ms, 最高速率: 0.29 M/s, 平均速率: 0.29 M/s, 最高分辨率: 1280x720, 平均帧率: 25.00, 视频编解码器: h264, 音频编解码器: aac
分类: 直播中国, 名称: 泰山大观峰, 有效: 1, IPv4: 1, IPv6: 0, 最小延迟: 10795 ms, 最高速率: 0.57 M/s, 平均速率: 0.57 M/s, 最高分辨率: 1920x1080, 平均帧率: 25.00, 视频编解码器: h264, 音频编解码器: aac
分类: 直播中国, 名称: 浙江舟山东极岛, 有效: 1, IPv4: 1, IPv6: 0, 最小延迟: 1926 ms, 最高速率: 0.41 M/s, 平均速率: 0.41 M/s, 最高分辨率: 1280x720, 平均帧率: 25.00, 视频编解码器: h264, 音频编解码器: aac
分类: 直播中国, 名称: 湖南张家界宝峰湖, 有效: 1, IPv4: 1, IPv6: 0, 最小延迟: 2299 ms, 最高速率: 0.40 M/s, 平均速率: 0.40 M/s, 最高分辨率: 1280x720, 平均帧率: 25.00, 视频编解码器: h264, 音频编解码器: aac
分类: 直播中国, 名称: 湖南张家界天门山西线玻璃栈道, 有效: 0, IPv4: 1, IPv6: 0, 最小延迟: 1571 ms, 最高速率: 0.36 M/s, 平均速率: 0.00 M/s, 最高分辨率: 1920x1080, 平均帧率: 25.00, 视频编解码器: h264, 音频编解码器: aac
分类: 直播中国, 名称: 湖南张家界御笔峰, 有效: 1, IPv4: 1, IPv6: 0, 最小延迟: 1970 ms, 最高速率: 0.31 M/s, 平均速率: 0.31 M/s, 最高分辨率: 1280x720, 平均帧率: 25.00, 视频编解码器: h264, 音频编解码器: aac
分类: 直播中国, 名称: 狮子山鸟瞰丽江古城, 有效: 1, IPv4: 1, IPv6: 0, 最小延迟: 1674 ms, 最高速率: 0.30 M/s, 平均速率: 0.30 M/s, 最高分辨率: 1280x720, 平均帧率: 25.00, 视频编解码器: h264, 音频编解码器: aac
分类: 直播中国, 名称: 湖南张家界水绕四门, 有效: 0, IPv4: 1, IPv6: 0, 最小延迟: 1608 ms, 最高速率: 0.40 M/s, 平均速率: 0.00 M/s, 最高分辨率: 1920x1080, 平均帧率: 25.00, 视频编解码器: h264, 音频编解码器: aac
分类: 直播中国, 名称: 福建武夷山玉女峰, 有效: 1, IPv4: 1, IPv6: 0, 最小延迟: 1868 ms, 最高速率: 0.57 M/s, 平均速率: 0.57 M/s, 最高分辨率: 1280x720, 平均帧率: 25.00, 视频编解码器: h264, 音频编解码器: aac
分类: 直播中国, 名称: 贵州省兴义市万峰林, 有效: 1, IPv4: 1, IPv6: 0, 最小延迟: 2096 ms, 最高速率: 0.50 M/s, 平均速率: 0.50 M/s, 最高分辨率: 1280x720, 平均帧率: 25.00, 视频编解码器: h264, 音频编解码器: aac
分类: 直播中国, 名称: 陕西洋县国宝朱鹮02, 有效: 1, IPv4: 1, IPv6: 0, 最小延迟: 2107 ms, 最高速率: 0.44 M/s, 平均速率: 0.44 M/s, 最高分辨率: 1280x720, 平均帧率: 25.00, 视频编解码器: h264, 音频编解码器: aac
分类: 直播中国, 名称: 福建漳州醉美沙滩翡翠湾, 有效: 0, IPv4: 1, IPv6: 0, 最小延迟: 6049 ms, 最高速率: 0.32 M/s, 平均速率: 0.00 M/s, 最高分辨率: 1920x1080, 平均帧率: 25.00, 视频编解码器: h264, 音频编解码器: aac
分类: 直播中国, 名称: 雪乡大石碑, 有效: 1, IPv4: 1, IPv6: 0, 最小延迟: 1930 ms, 最高速率: 0.52 M/s, 平均速率: 0.52 M/s, 最高分辨率: 1920x1080, 平均帧率: 25.00, 视频编解码器: h264, 音频编解码器: aac
分类: 直播中国, 名称: 都江堰鱼嘴, 有效: 1, IPv4: 1, IPv6: 0, 最小延迟: 4786 ms, 最高速率: 0.24 M/s, 平均速率: 0.24 M/s, 最高分辨率: 1280x720, 平均帧率: 25.00, 视频编解码器: h264, 音频编解码器: aac
分类: 直播中国, 名称: 鸣沙山, 有效: 1, IPv4: 1, IPv6: 0, 最小延迟: 1476 ms, 最高速率: 0.34 M/s, 平均速率: 0.34 M/s, 最高分辨率: 1280x720, 平均帧率: 25.00, 视频编解码器: h264, 音频编解码器: aac
分类: 直播中国, 名称: 青岛崂山双福, 有效: 1, IPv4: 1, IPv6: 0, 最小延迟: 1716 ms, 最高速率: 0.41 M/s, 平均速率: 0.41 M/s, 最高分辨率: 1280x720, 平均帧率: 25.00, 视频编解码器: h264, 音频编解码器: aac
分类: 直播中国, 名称: 青岛崂山八水河, 有效: 1, IPv4: 1, IPv6: 0, 最小延迟: 1875 ms, 最高速率: 0.48 M/s, 平均速率: 0.48 M/s, 最高分辨率: 1280x720, 平均帧率: 25.00, 视频编解码器: h264, 音频编解码器: aac
分类: 直播中国, 名称: 黄山, 有效: 0, IPv4: 1, IPv6: 0, 最小延迟: 1683 ms, 最高速率: 0.46 M/s, 平均速率: 0.00 M/s, 最高分辨率: 1920x1080, 平均帧率: 25.00, 视频编解码器: h264, 音频编解码器: aac
分类: 直播中国, 名称: 雪乡梦幻家园, 有效: 0, IPv4: 1, IPv6: 0, 最小延迟: 8142 ms, 最高速率: 0.30 M/s, 平均速率: 0.00 M/s, 最高分辨率: 1920x1080, 平均帧率: 25.00, 视频编解码器: h264, 音频编解码器: aac
分类: 直播中国, 名称: 黄山飞来石, 有效: 0, IPv4: 1, IPv6: 0, 最小延迟: 1777 ms, 最高速率: 0.34 M/s, 平均速率: 0.00 M/s, 最高分辨率: 1920x1080, 平均帧率: 25.00, 视频编解码器: h264, 音频编解码器: aac
分类: 直播中国, 名称: 黄山始信新道, 有效: 1, IPv4: 1, IPv6: 0, 最小延迟: 3864 ms, 最高速率: 0.39 M/s, 平均速率: 0.39 M/s, 最高分辨率: 1280x720, 平均帧率: 25.00, 视频编解码器: h264, 音频编解码器: aac
分类: 直播中国, 名称: 黄果树六角亭瀑布, 有效: 0, IPv4: 1, IPv6: 0, 最小延迟: 1708 ms, 最高速率: 0.40 M/s, 平均速率: 0.00 M/s, 最高分辨率: 1920x1080, 平均帧率: 25.00, 视频编解码器: h264, 音频编解码器: aac
分类: 国外稳定, 名称: #EXTINF:-1, 有效: 0, IPv4: 4, IPv6: 0, 最小延迟: -1 ms, 最高速率: 0.00 M/s, 平均速率: 0.00 M/s, 最高分辨率: None, 平均帧率: 未知, 视频编解码器: 未知, 音频编解码器: 未知
分类: 直播中国, 名称: 黄山排云亭, 有效: 1, IPv4: 1, IPv6: 0, 最小延迟: 5218 ms, 最高速率: 0.28 M/s, 平均速率: 0.28 M/s, 最高分辨率: 1280x720, 平均帧率: 25.00, 视频编解码器: h264, 音频编解码器: aac
分类: 直播中国, 名称: 黄花城水长城01, 有效: 1, IPv4: 1, IPv6: 0, 最小延迟: 1740 ms, 最高速率: 0.28 M/s, 平均速率: 0.28 M/s, 最高分辨率: 1280x720, 平均帧率: 25.00, 视频编解码器: h264, 音频编解码器: aac
分类: 直播中国, 名称: 黄花城水长城03, 有效: 0, IPv4: 1, IPv6: 0, 最小延迟: 1580 ms, 最高速率: 0.32 M/s, 平均速率: 0.00 M/s, 最高分辨率: 1920x1080, 平均帧率: 25.00, 视频编解码器: h264, 音频编解码器: aac
分类: 直播中国, 名称: 黄龙, 有效: 0, IPv4: 1, IPv6: 0, 最小延迟: 1636 ms, 最高速率: 0.35 M/s, 平均速率: 0.00 M/s, 最高分辨率: 1920x1080, 平均帧率: 25.00, 视频编解码器: h264, 音频编解码器: aac
